gc 1 @0.000s 2%: 0.021+0.15+0.001 ms clock, 0.21+0/0.19/0+0.017 ms cpu, 0->0->0 MB, 4 MB goal, 0 MB stacks, 0 MB globals, 10 P (forced)
gc 2 @0.001s 2%: 0.018+0.096+0.003 ms clock, 0.18+0/0.080/0.006+0.036 ms cpu, 0->0->0 MB, 4 MB goal, 0 MB stacks, 0 MB globals, 10 P (forced)
goos: darwin
goarch: arm64
pkg: mcompiler/arena
cpu: Apple M1 Max
BenchmarkStandardAllocation-10    	gc 3 @0.001s 3%: 0.022+0.068+0.002 ms clock, 0.22+0/0.086/0.003+0.029 ms cpu, 0->0->0 MB, 4 MB goal, 0 MB stacks, 0 MB globals, 10 P (forced)
gc 4 @0.001s 3%: 0.020+0.068+0.001 ms clock, 0.20+0/0.080/0+0.012 ms cpu, 0->0->0 MB, 4 MB goal, 0 MB stacks, 0 MB globals, 10 P (forced)
gc 5 @0.002s 3%: 0.018+0.059+0.001 ms clock, 0.18+0/0.075/0+0.016 ms cpu, 0->0->0 MB, 4 MB goal, 0 MB stacks, 0 MB globals, 10 P (forced)
gc 6 @0.004s 2%: 0.022+0.10+0.007 ms clock, 0.22+0.032/0.080/0+0.070 ms cpu, 3->3->0 MB, 4 MB goal, 0 MB stacks, 0 MB globals, 10 P
gc 7 @0.006s 1%: 0.015+0.10+0.002 ms clock, 0.15+0.026/0.059/0+0.024 ms cpu, 3->3->0 MB, 4 MB goal, 0 MB stacks, 0 MB globals, 10 P
gc 8 @0.008s 1%: 0.015+0.15+0.014 ms clock, 0.15+0.032/0.089/0.001+0.14 ms cpu, 3->3->0 MB, 4 MB goal, 0 MB stacks, 0 MB globals, 10 P
gc 9 @0.010s 1%: 0.020+0.13+0.011 ms clock, 0.20+0.005/0.10/0.004+0.11 ms cpu, 3->3->0 MB, 4 MB goal, 0 MB stacks, 0 MB globals, 10 P
gc 10 @0.013s 1%: 0.021+0.085+0.010 ms clock, 0.21+0.030/0.061/0+0.10 ms cpu, 3->3->0 MB, 4 MB goal, 0 MB stacks, 0 MB globals, 10 P
gc 11 @0.016s 1%: 0.016+0.11+0.013 ms clock, 0.16+0.033/0.051/0+0.13 ms cpu, 3->3->0 MB, 4 MB goal, 0 MB stacks, 0 MB globals, 10 P
gc 12 @0.016s 1%: 0.019+0.069+0.003 ms clock, 0.19+0/0.086/0+0.033 ms cpu, 1->1->0 MB, 4 MB goal, 0 MB stacks, 0 MB globals, 10 P (forced)
gc 13 @0.019s 1%: 0.017+0.15+0.016 ms clock, 0.17+0.024/0.090/0+0.16 ms cpu, 3->3->0 MB, 4 MB goal, 0 MB stacks, 0 MB globals, 10 P
gc 14 @0.022s 1%: 0.021+0.18+0.012 ms clock, 0.21+0.006/0.12/0+0.12 ms cpu, 3->3->0 MB, 4 MB goal, 0 MB stacks, 0 MB globals, 10 P
gc 15 @0.024s 1%: 0.043+0.18+0.015 ms clock, 0.43+0.008/0.11/0.006+0.15 ms cpu, 3->3->0 MB, 4 MB goal, 0 MB stacks, 0 MB globals, 10 P
gc 16 @0.026s 1%: 0.030+0.10+0.011 ms clock, 0.30+0.028/0.060/0+0.11 ms cpu, 3->3->0 MB, 4 MB goal, 0 MB stacks, 0 MB globals, 10 P
gc 17 @0.028s 1%: 0.018+0.12+0.011 ms clock, 0.18+0.006/0.080/0.014+0.11 ms cpu, 3->3->0 MB, 4 MB goal, 0 MB stacks, 0 MB globals, 10 P
gc 18 @0.030s 1%: 0.017+0.14+0.013 ms clock, 0.17+0.037/0.10/0.004+0.13 ms cpu, 3->3->0 MB, 4 MB goal, 0 MB stacks, 0 MB globals, 10 P
gc 19 @0.033s 1%: 0.019+0.15+0.010 ms clock, 0.19+0.005/0.11/0.010+0.10 ms cpu, 3->3->0 MB, 4 MB goal, 0 MB stacks, 0 MB globals, 10 P
gc 20 @0.036s 1%: 0.016+0.29+0.011 ms clock, 0.16+0.006/0.092/0+0.11 ms cpu, 3->4->0 MB, 4 MB goal, 0 MB stacks, 0 MB globals, 10 P
gc 21 @0.038s 1%: 0.017+0.12+0.026 ms clock, 0.17+0.005/0.089/0.003+0.26 ms cpu, 3->3->0 MB, 4 MB goal, 0 MB stacks, 0 MB globals, 10 P
gc 22 @0.041s 1%: 0.023+0.13+0.011 ms clock, 0.23+0.006/0.084/0+0.11 ms cpu, 3->3->0 MB, 4 MB goal, 0 MB stacks, 0 MB globals, 10 P
gc 23 @0.043s 1%: 0.016+0.15+0.014 ms clock, 0.16+0.010/0.14/0.002+0.14 ms cpu, 3->3->0 MB, 4 MB goal, 0 MB stacks, 0 MB globals, 10 P
gc 24 @0.045s 1%: 0.020+0.099+0.012 ms clock, 0.20+0.005/0.095/0.001+0.12 ms cpu, 3->3->0 MB, 4 MB goal, 0 MB stacks, 0 MB globals, 10 P
gc 25 @0.047s 1%: 0.038+0.21+0.011 ms clock, 0.38+0.028/0.047/0+0.11 ms cpu, 3->3->0 MB, 4 MB goal, 0 MB stacks, 0 MB globals, 10 P
gc 26 @0.050s 1%: 0.016+0.20+0.019 ms clock, 0.16+0.010/0.069/0.015+0.19 ms cpu, 3->3->0 MB, 4 MB goal, 0 MB stacks, 0 MB globals, 10 P
gc 27 @0.052s 1%: 0.056+0.13+0.011 ms clock, 0.56+0.023/0.046/0+0.11 ms cpu, 3->3->0 MB, 4 MB goal, 0 MB stacks, 0 MB globals, 10 P
gc 28 @0.054s 1%: 0.015+0.11+0.014 ms clock, 0.15+0.031/0.087/0.002+0.14 ms cpu, 3->3->0 MB, 4 MB goal, 0 MB stacks, 0 MB globals, 10 P
gc 29 @0.056s 1%: 0.016+0.094+0.010 ms clock, 0.16+0.034/0.073/0+0.10 ms cpu, 3->3->0 MB, 4 MB goal, 0 MB stacks, 0 MB globals, 10 P
gc 30 @0.058s 1%: 0.015+0.077+0.010 ms clock, 0.15+0.025/0.046/0+0.10 ms cpu, 3->3->0 MB, 4 MB goal, 0 MB stacks, 0 MB globals, 10 P
gc 31 @0.060s 1%: 0.016+0.10+0.017 ms clock, 0.16+0.026/0.068/0.002+0.17 ms cpu, 3->3->0 MB, 4 MB goal, 0 MB stacks, 0 MB globals, 10 P
gc 32 @0.062s 1%: 0.028+0.070+0.009 ms clock, 0.28+0.006/0.077/0.009+0.090 ms cpu, 3->3->0 MB, 4 MB goal, 0 MB stacks, 0 MB globals, 10 P
gc 33 @0.064s 1%: 0.020+0.087+0.013 ms clock, 0.20+0/0.080/0+0.13 ms cpu, 3->3->0 MB, 4 MB goal, 0 MB stacks, 0 MB globals, 10 P
gc 34 @0.067s 1%: 0.015+0.089+0.025 ms clock, 0.15+0.005/0.066/0+0.25 ms cpu, 3->3->0 MB, 4 MB goal, 0 MB stacks, 0 MB globals, 10 P
gc 35 @0.069s 1%: 0.032+0.15+0.028 ms clock, 0.32+0.006/0.096/0.007+0.28 ms cpu, 3->3->0 MB, 4 MB goal, 0 MB stacks, 0 MB globals, 10 P
gc 36 @0.071s 1%: 0.038+0.10+0.010 ms clock, 0.38+0.031/0.048/0+0.10 ms cpu, 3->3->0 MB, 4 MB goal, 0 MB stacks, 0 MB globals, 10 P
gc 37 @0.073s 1%: 0.024+0.088+0.007 ms clock, 0.24+0.025/0.044/0+0.072 ms cpu, 3->3->0 MB, 4 MB goal, 0 MB stacks, 0 MB globals, 10 P
gc 38 @0.075s 1%: 0.014+0.11+0.022 ms clock, 0.14+0/0.12/0.029+0.22 ms cpu, 3->3->0 MB, 4 MB goal, 0 MB stacks, 0 MB globals, 10 P
gc 39 @0.077s 1%: 0.016+0.19+0.010 ms clock, 0.16+0.027/0.086/0+0.10 ms cpu, 3->3->0 MB, 4 MB goal, 0 MB stacks, 0 MB globals, 10 P
gc 40 @0.079s 1%: 0.016+0.071+0.012 ms clock, 0.16+0.025/0.042/0+0.12 ms cpu, 3->3->0 MB, 4 MB goal, 0 MB stacks, 0 MB globals, 10 P
gc 41 @0.081s 1%: 0.014+0.26+0.009 ms clock, 0.14+0.013/0.057/0+0.092 ms cpu, 3->4->0 MB, 4 MB goal, 0 MB stacks, 0 MB globals, 10 P
gc 42 @0.083s 1%: 0.043+0.11+0.021 ms clock, 0.43+0/0.084/0.002+0.21 ms cpu, 3->3->0 MB, 4 MB goal, 0 MB stacks, 0 MB globals, 10 P
gc 43 @0.085s 1%: 0.015+0.15+0.009 ms clock, 0.15+0.008/0.089/0+0.096 ms cpu, 3->3->0 MB, 4 MB goal, 0 MB stacks, 0 MB globals, 10 P
gc 44 @0.087s 1%: 0.015+0.12+0.007 ms clock, 0.15+0/0.063/0.003+0.073 ms cpu, 3->3->0 MB, 4 MB goal, 0 MB stacks, 0 MB globals, 10 P
gc 45 @0.089s 1%: 0.041+0.12+0.014 ms clock, 0.41+0.029/0.061/0+0.14 ms cpu, 3->3->0 MB, 4 MB goal, 0 MB stacks, 0 MB globals, 10 P
gc 46 @0.091s 1%: 0.016+0.089+0.009 ms clock, 0.16+0.008/0.067/0.009+0.091 ms cpu, 3->3->0 MB, 4 MB goal, 0 MB stacks, 0 MB globals, 10 P
gc 47 @0.093s 1%: 0.041+0.18+0.008 ms clock, 0.41+0.031/0.082/0+0.087 ms cpu, 3->3->0 MB, 4 MB goal, 0 MB stacks, 0 MB globals, 10 P
gc 48 @0.095s 1%: 0.015+0.11+0.009 ms clock, 0.15+0.025/0.060/0.009+0.097 ms cpu, 3->3->0 MB, 4 MB goal, 0 MB stacks, 0 MB globals, 10 P
gc 49 @0.097s 1%: 0.019+0.17+0.008 ms clock, 0.19+0.026/0.070/0+0.084 ms cpu, 3->3->0 MB, 4 MB goal, 0 MB stacks, 0 MB globals, 10 P
gc 50 @0.099s 1%: 0.019+0.092+0.012 ms clock, 0.19+0.005/0.094/0.006+0.12 ms cpu, 3->3->0 MB, 4 MB goal, 0 MB stacks, 0 MB globals, 10 P
gc 51 @0.101s 1%: 0.016+0.12+0.019 ms clock, 0.16+0.021/0.069/0.006+0.19 ms cpu, 3->3->0 MB, 4 MB goal, 0 MB stacks, 0 MB globals, 10 P
gc 52 @0.103s 1%: 0.015+0.12+0.008 ms clock, 0.15+0.021/0.061/0+0.081 ms cpu, 3->3->0 MB, 4 MB goal, 0 MB stacks, 0 MB globals, 10 P
gc 53 @0.105s 1%: 0.014+0.17+0.008 ms clock, 0.14+0.023/0.067/0+0.086 ms cpu, 3->3->0 MB, 4 MB goal, 0 MB stacks, 0 MB globals, 10 P
gc 54 @0.107s 1%: 0.015+0.081+0.010 ms clock, 0.15+0.028/0.044/0+0.10 ms cpu, 3->3->0 MB, 4 MB goal, 0 MB stacks, 0 MB globals, 10 P
gc 55 @0.109s 1%: 0.019+0.16+0.010 ms clock, 0.19+0.024/0.049/0+0.10 ms cpu, 3->3->0 MB, 4 MB goal, 0 MB stacks, 0 MB globals, 10 P
gc 56 @0.111s 1%: 0.040+0.22+0.007 ms clock, 0.40+0.027/0.054/0+0.079 ms cpu, 3->4->0 MB, 4 MB goal, 0 MB stacks, 0 MB globals, 10 P
gc 57 @0.113s 1%: 0.020+0.11+0.010 ms clock, 0.20+0.008/0.059/0.001+0.10 ms cpu, 3->3->0 MB, 4 MB goal, 0 MB stacks, 0 MB globals, 10 P
gc 58 @0.115s 1%: 0.017+0.13+0.010 ms clock, 0.17+0.006/0.062/0.002+0.10 ms cpu, 3->3->0 MB, 4 MB goal, 0 MB stacks, 0 MB globals, 10 P
gc 59 @0.117s 1%: 0.014+0.16+0.012 ms clock, 0.14+0.029/0.050/0+0.12 ms cpu, 3->3->0 MB, 4 MB goal, 0 MB stacks, 0 MB globals, 10 P
gc 60 @0.119s 1%: 0.018+0.12+0.008 ms clock, 0.18+0.006/0.071/0+0.084 ms cpu, 3->3->0 MB, 4 MB goal, 0 MB stacks, 0 MB globals, 10 P
gc 61 @0.121s 1%: 0.014+0.11+0.008 ms clock, 0.14+0.006/0.063/0.002+0.082 ms cpu, 3->3->0 MB, 4 MB goal, 0 MB stacks, 0 MB globals, 10 P
gc 62 @0.123s 1%: 0.014+0.16+0.008 ms clock, 0.14+0.028/0.081/0+0.087 ms cpu, 3->3->0 MB, 4 MB goal, 0 MB stacks, 0 MB globals, 10 P
gc 63 @0.125s 1%: 0.037+0.18+0.032 ms clock, 0.37+0.018/0.16/0.013+0.32 ms cpu, 3->3->0 MB, 4 MB goal, 0 MB stacks, 0 MB globals, 10 P
gc 64 @0.127s 1%: 0.020+0.11+0.008 ms clock, 0.20+0.009/0.062/0+0.080 ms cpu, 3->3->0 MB, 4 MB goal, 0 MB stacks, 0 MB globals, 10 P
gc 65 @0.129s 1%: 0.017+0.22+0.009 ms clock, 0.17+0.032/0.12/0.008+0.098 ms cpu, 3->4->0 MB, 4 MB goal, 0 MB stacks, 0 MB globals, 10 P
gc 66 @0.132s 1%: 0.034+0.10+0.017 ms clock, 0.34+0.026/0.054/0+0.17 ms cpu, 3->3->0 MB, 4 MB goal, 0 MB stacks, 0 MB globals, 10 P
gc 67 @0.134s 1%: 0.019+0.12+0.018 ms clock, 0.19+0.013/0.11/0+0.18 ms cpu, 3->3->0 MB, 4 MB goal, 0 MB stacks, 0 MB globals, 10 P
gc 68 @0.136s 1%: 0.023+0.24+0.012 ms clock, 0.23+0.006/0.10/0.033+0.12 ms cpu, 3->4->0 MB, 4 MB goal, 0 MB stacks, 0 MB globals, 10 P
gc 69 @0.138s 1%: 0.043+0.11+0.011 ms clock, 0.43+0.006/0.10/0+0.11 ms cpu, 3->3->0 MB, 4 MB goal, 0 MB stacks, 0 MB globals, 10 P
gc 70 @0.140s 1%: 0.017+0.12+0.009 ms clock, 0.17+0.020/0.063/0+0.090 ms cpu, 3->3->0 MB, 4 MB goal, 0 MB stacks, 0 MB globals, 10 P
gc 71 @0.142s 1%: 0.016+0.14+0.009 ms clock, 0.16+0.020/0.096/0+0.096 ms cpu, 3->3->0 MB, 4 MB goal, 0 MB stacks, 0 MB globals, 10 P
gc 72 @0.144s 1%: 0.020+0.11+0.019 ms clock, 0.20+0.005/0.070/0.004+0.19 ms cpu, 3->3->0 MB, 4 MB goal, 0 MB stacks, 0 MB globals, 10 P
gc 73 @0.146s 1%: 0.015+0.086+0.017 ms clock, 0.15+0.026/0.051/0+0.17 ms cpu, 3->3->0 MB, 4 MB goal, 0 MB stacks, 0 MB globals, 10 P
gc 74 @0.148s 1%: 0.017+0.097+0.012 ms clock, 0.17+0.006/0.061/0.002+0.12 ms cpu, 3->3->0 MB, 4 MB goal, 0 MB stacks, 0 MB globals, 10 P
gc 75 @0.150s 1%: 0.015+0.12+0.018 ms clock, 0.15+0.005/0.095/0+0.18 ms cpu, 3->3->0 MB, 4 MB goal, 0 MB stacks, 0 MB globals, 10 P
gc 76 @0.152s 1%: 0.025+0.16+0.019 ms clock, 0.25+0.014/0.099/0.008+0.19 ms cpu, 3->3->0 MB, 4 MB goal, 0 MB stacks, 0 MB globals, 10 P
gc 77 @0.154s 1%: 0.025+0.11+0.010 ms clock, 0.25+0.033/0.057/0+0.10 ms cpu, 3->3->0 MB, 4 MB goal, 0 MB stacks, 0 MB globals, 10 P
gc 78 @0.156s 1%: 0.021+0.21+0.008 ms clock, 0.21+0.006/0.068/0+0.085 ms cpu, 3->4->0 MB, 4 MB goal, 0 MB stacks, 0 MB globals, 10 P
gc 79 @0.158s 1%: 0.017+0.12+0.009 ms clock, 0.17+0.006/0.099/0.024+0.098 ms cpu, 3->3->0 MB, 4 MB goal, 0 MB stacks, 0 MB globals, 10 P
gc 80 @0.160s 1%: 0.042+0.12+0.015 ms clock, 0.42+0.041/0.090/0+0.15 ms cpu, 3->3->0 MB, 4 MB goal, 0 MB stacks, 0 MB globals, 10 P
gc 81 @0.162s 1%: 0.052+0.33+0.020 ms clock, 0.52+0.008/0.14/0.032+0.20 ms cpu, 3->4->0 MB, 4 MB goal, 0 MB stacks, 0 MB globals, 10 P
gc 82 @0.164s 1%: 0.026+0.13+0.012 ms clock, 0.26+0.028/0.095/0+0.12 ms cpu, 3->3->0 MB, 4 MB goal, 0 MB stacks, 0 MB globals, 10 P
gc 83 @0.166s 1%: 0.027+0.16+0.010 ms clock, 0.27+0.007/0.085/0.009+0.10 ms cpu, 3->3->0 MB, 4 MB goal, 0 MB stacks, 0 MB globals, 10 P
gc 84 @0.168s 1%: 0.020+0.18+0.019 ms clock, 0.20+0.051/0.12/0+0.19 ms cpu, 3->3->0 MB, 4 MB goal, 0 MB stacks, 0 MB globals, 10 P
gc 85 @0.170s 1%: 0.018+0.25+0.012 ms clock, 0.18+0.026/0.094/0+0.12 ms cpu, 3->3->0 MB, 4 MB goal, 0 MB stacks, 0 MB globals, 10 P
gc 86 @0.172s 1%: 0.018+0.11+0.011 ms clock, 0.18+0.005/0.10/0.016+0.11 ms cpu, 3->3->0 MB, 4 MB goal, 0 MB stacks, 0 MB globals, 10 P
gc 87 @0.174s 1%: 0.041+0.13+0.018 ms clock, 0.41+0.043/0.095/0+0.18 ms cpu, 3->3->0 MB, 4 MB goal, 0 MB stacks, 0 MB globals, 10 P
gc 88 @0.177s 1%: 0.019+0.12+0.010 ms clock, 0.19+0.006/0.087/0.008+0.10 ms cpu, 3->3->0 MB, 4 MB goal, 0 MB stacks, 0 MB globals, 10 P
gc 89 @0.179s 1%: 0.015+0.12+0.011 ms clock, 0.15+0.025/0.068/0+0.11 ms cpu, 3->3->0 MB, 4 MB goal, 0 MB stacks, 0 MB globals, 10 P
gc 90 @0.181s 1%: 0.017+0.10+0.010 ms clock, 0.17+0.006/0.074/0.006+0.10 ms cpu, 3->3->0 MB, 4 MB goal, 0 MB stacks, 0 MB globals, 10 P
gc 91 @0.183s 1%: 0.037+0.16+0.012 ms clock, 0.37+0.029/0.068/0+0.12 ms cpu, 3->3->0 MB, 4 MB goal, 0 MB stacks, 0 MB globals, 10 P
gc 92 @0.185s 1%: 0.042+0.17+0.012 ms clock, 0.42+0.026/0.060/0+0.12 ms cpu, 3->3->0 MB, 4 MB goal, 0 MB stacks, 0 MB globals, 10 P
gc 93 @0.187s 1%: 0.059+0.10+0.009 ms clock, 0.59+0.006/0.097/0.015+0.098 ms cpu, 3->3->0 MB, 4 MB goal, 0 MB stacks, 0 MB globals, 10 P
gc 94 @0.189s 1%: 0.020+0.15+0.021 ms clock, 0.20+0.026/0.088/0.005+0.21 ms cpu, 3->3->0 MB, 4 MB goal, 0 MB stacks, 0 MB globals, 10 P
gc 95 @0.191s 1%: 0.016+0.13+0.022 ms clock, 0.16+0.027/0.078/0+0.22 ms cpu, 3->3->0 MB, 4 MB goal, 0 MB stacks, 0 MB globals, 10 P
gc 96 @0.193s 1%: 0.020+0.12+0.008 ms clock, 0.20+0.021/0.072/0+0.083 ms cpu, 3->3->0 MB, 4 MB goal, 0 MB stacks, 0 MB globals, 10 P
gc 97 @0.195s 1%: 0.039+0.12+0.010 ms clock, 0.39+0.028/0.070/0.005+0.10 ms cpu, 3->3->0 MB, 4 MB goal, 0 MB stacks, 0 MB globals, 10 P
gc 98 @0.197s 1%: 0.026+0.11+0.012 ms clock, 0.26+0.038/0.060/0+0.12 ms cpu, 3->3->0 MB, 4 MB goal, 0 MB stacks, 0 MB globals, 10 P
gc 99 @0.200s 1%: 0.019+0.11+0.042 ms clock, 0.19+0.005/0.076/0+0.42 ms cpu, 3->3->0 MB, 4 MB goal, 0 MB stacks, 0 MB globals, 10 P
gc 100 @0.202s 1%: 0.046+0.18+0.009 ms clock, 0.46+0.010/0.093/0.012+0.095 ms cpu, 3->3->0 MB, 4 MB goal, 0 MB stacks, 0 MB globals, 10 P
gc 101 @0.204s 1%: 0.015+0.13+0.010 ms clock, 0.15+0.009/0.090/0.002+0.10 ms cpu, 3->3->0 MB, 4 MB goal, 0 MB stacks, 0 MB globals, 10 P
gc 102 @0.206s 1%: 0.014+0.12+0.020 ms clock, 0.14+0.025/0.070/0+0.20 ms cpu, 3->3->0 MB, 4 MB goal, 0 MB stacks, 0 MB globals, 10 P
gc 103 @0.208s 1%: 0.016+0.11+0.013 ms clock, 0.16+0.025/0.086/0+0.13 ms cpu, 3->3->0 MB, 4 MB goal, 0 MB stacks, 0 MB globals, 10 P
gc 104 @0.210s 1%: 0.015+0.11+0.017 ms clock, 0.15+0.032/0.054/0+0.17 ms cpu, 3->3->0 MB, 4 MB goal, 0 MB stacks, 0 MB globals, 10 P
gc 105 @0.212s 1%: 0.019+0.10+0.010 ms clock, 0.19+0.019/0.051/0+0.10 ms cpu, 3->3->0 MB, 4 MB goal, 0 MB stacks, 0 MB globals, 10 P
gc 106 @0.214s 1%: 0.015+0.13+0.010 ms clock, 0.15+0.025/0.053/0.002+0.10 ms cpu, 3->3->0 MB, 4 MB goal, 0 MB stacks, 0 MB globals, 10 P
gc 107 @0.216s 1%: 0.018+0.13+0.010 ms clock, 0.18+0.010/0.080/0.001+0.10 ms cpu, 3->3->0 MB, 4 MB goal, 0 MB stacks, 0 MB globals, 10 P
gc 108 @0.218s 1%: 0.046+0.16+0.009 ms clock, 0.46+0.025/0.054/0+0.095 ms cpu, 3->3->0 MB, 4 MB goal, 0 MB stacks, 0 MB globals, 10 P
gc 109 @0.220s 1%: 0.016+0.11+0.020 ms clock, 0.16+0.023/0.047/0.009+0.20 ms cpu, 3->3->0 MB, 4 MB goal, 0 MB stacks, 0 MB globals, 10 P
gc 110 @0.222s 1%: 0.016+0.19+0.009 ms clock, 0.16+0.029/0.045/0+0.094 ms cpu, 3->4->0 MB, 4 MB goal, 0 MB stacks, 0 MB globals, 10 P
gc 111 @0.224s 1%: 0.018+0.12+0.010 ms clock, 0.18+0.031/0.093/0+0.10 ms cpu, 3->3->0 MB, 4 MB goal, 0 MB stacks, 0 MB globals, 10 P
gc 112 @0.226s 1%: 0.018+0.14+0.017 ms clock, 0.18+0.022/0.069/0+0.17 ms cpu, 3->3->0 MB, 4 MB goal, 0 MB stacks, 0 MB globals, 10 P
gc 113 @0.228s 1%: 0.017+0.11+0.008 ms clock, 0.17+0.025/0.049/0+0.088 ms cpu, 3->3->0 MB, 4 MB goal, 0 MB stacks, 0 MB globals, 10 P
gc 114 @0.230s 1%: 0.018+0.12+0.011 ms clock, 0.18+0.023/0.076/0+0.11 ms cpu, 3->3->0 MB, 4 MB goal, 0 MB stacks, 0 MB globals, 10 P
gc 115 @0.232s 1%: 0.015+0.16+0.010 ms clock, 0.15+0.023/0.069/0.002+0.10 ms cpu, 3->3->0 MB, 4 MB goal, 0 MB stacks, 0 MB globals, 10 P
gc 116 @0.234s 1%: 0.026+0.29+0.018 ms clock, 0.26+0.007/0.10/0+0.18 ms cpu, 3->4->0 MB, 4 MB goal, 0 MB stacks, 0 MB globals, 10 P
gc 117 @0.236s 1%: 0.057+0.15+0.021 ms clock, 0.57+0.060/0.074/0+0.21 ms cpu, 3->3->0 MB, 4 MB goal, 0 MB stacks, 0 MB globals, 10 P
gc 118 @0.239s 1%: 0.036+0.15+0.025 ms clock, 0.36+0.014/0.13/0+0.25 ms cpu, 3->3->0 MB, 4 MB goal, 0 MB stacks, 0 MB globals, 10 P
gc 119 @0.241s 1%: 0.048+0.14+0.022 ms clock, 0.48+0.011/0.10/0.017+0.22 ms cpu, 3->3->0 MB, 4 MB goal, 0 MB stacks, 0 MB globals, 10 P
gc 120 @0.243s 1%: 0.016+0.18+0.013 ms clock, 0.16+0.023/0.070/0.009+0.13 ms cpu, 3->3->0 MB, 4 MB goal, 0 MB stacks, 0 MB globals, 10 P
gc 121 @0.245s 1%: 0.016+0.091+0.012 ms clock, 0.16+0.025/0.061/0+0.12 ms cpu, 3->3->0 MB, 4 MB goal, 0 MB stacks, 0 MB globals, 10 P
gc 122 @0.247s 1%: 0.014+0.13+0.012 ms clock, 0.14+0.009/0.069/0+0.12 ms cpu, 3->3->0 MB, 4 MB goal, 0 MB stacks, 0 MB globals, 10 P
gc 123 @0.249s 1%: 0.025+0.13+0.015 ms clock, 0.25+0.022/0.072/0+0.15 ms cpu, 3->3->0 MB, 4 MB goal, 0 MB stacks, 0 MB globals, 10 P
gc 124 @0.251s 1%: 0.029+0.10+0.008 ms clock, 0.29+0.005/0.072/0.011+0.084 ms cpu, 3->3->0 MB, 4 MB goal, 0 MB stacks, 0 MB globals, 10 P
gc 125 @0.253s 1%: 0.021+0.14+0.015 ms clock, 0.21+0.010/0.12/0.001+0.15 ms cpu, 3->3->0 MB, 4 MB goal, 0 MB stacks, 0 MB globals, 10 P
gc 126 @0.255s 1%: 0.040+0.13+0.010 ms clock, 0.40+0.006/0.066/0+0.10 ms cpu, 3->3->0 MB, 4 MB goal, 0 MB stacks, 0 MB globals, 10 P
gc 127 @0.257s 1%: 0.032+0.17+0.018 ms clock, 0.32+0.028/0.11/0+0.18 ms cpu, 3->3->0 MB, 4 MB goal, 0 MB stacks, 0 MB globals, 10 P
gc 128 @0.260s 1%: 0.019+0.12+0.013 ms clock, 0.19+0.029/0.064/0+0.13 ms cpu, 3->3->0 MB, 4 MB goal, 0 MB stacks, 0 MB globals, 10 P
gc 129 @0.262s 1%: 0.014+0.089+0.008 ms clock, 0.14+0.022/0.042/0+0.082 ms cpu, 3->3->0 MB, 4 MB goal, 0 MB stacks, 0 MB globals, 10 P
gc 130 @0.263s 1%: 0.016+0.13+0.008 ms clock, 0.16+0.022/0.090/0.019+0.084 ms cpu, 3->3->0 MB, 4 MB goal, 0 MB stacks, 0 MB globals, 10 P
gc 131 @0.266s 1%: 0.020+0.19+0.019 ms clock, 0.20+0.005/0.14/0.016+0.19 ms cpu, 3->3->0 MB, 4 MB goal, 0 MB stacks, 0 MB globals, 10 P
gc 132 @0.268s 1%: 0.030+0.12+0.016 ms clock, 0.30+0.038/0.13/0.003+0.16 ms cpu, 3->3->0 MB, 4 MB goal, 0 MB stacks, 0 MB globals, 10 P
gc 133 @0.270s 1%: 0.032+0.16+0.17 ms clock, 0.32+0.013/0.10/0.001+1.7 ms cpu, 3->4->0 MB, 4 MB goal, 0 MB stacks, 0 MB globals, 10 P
gc 134 @0.272s 1%: 0.018+0.16+0.026 ms clock, 0.18+0.006/0.13/0.021+0.26 ms cpu, 3->3->0 MB, 4 MB goal, 0 MB stacks, 0 MB globals, 10 P
gc 135 @0.274s 1%: 0.021+0.11+0.020 ms clock, 0.21+0.054/0.082/0+0.20 ms cpu, 3->3->0 MB, 4 MB goal, 0 MB stacks, 0 MB globals, 10 P
gc 136 @0.277s 1%: 0.034+0.12+0.017 ms clock, 0.34+0.033/0.090/0+0.17 ms cpu, 3->3->0 MB, 4 MB goal, 0 MB stacks, 0 MB globals, 10 P
gc 137 @0.279s 1%: 0.027+0.14+0.019 ms clock, 0.27+0.011/0.10/0.001+0.19 ms cpu, 3->3->0 MB, 4 MB goal, 0 MB stacks, 0 MB globals, 10 P
gc 138 @0.281s 1%: 0.032+0.23+0.009 ms clock, 0.32+0.034/0.057/0+0.097 ms cpu, 3->3->0 MB, 4 MB goal, 0 MB stacks, 0 MB globals, 10 P
gc 139 @0.283s 1%: 0.018+0.26+0.012 ms clock, 0.18+0.029/0.067/0+0.12 ms cpu, 3->4->0 MB, 4 MB goal, 0 MB stacks, 0 MB globals, 10 P
gc 140 @0.285s 1%: 0.027+0.12+0.010 ms clock, 0.27+0.026/0.097/0.028+0.10 ms cpu, 3->3->0 MB, 4 MB goal, 0 MB stacks, 0 MB globals, 10 P
gc 141 @0.287s 1%: 0.020+0.15+0.014 ms clock, 0.20+0.007/0.12/0+0.14 ms cpu, 3->3->0 MB, 4 MB goal, 0 MB stacks, 0 MB globals, 10 P
gc 142 @0.290s 1%: 0.024+0.11+0.018 ms clock, 0.24+0.006/0.084/0+0.18 ms cpu, 3->3->0 MB, 4 MB goal, 0 MB stacks, 0 MB globals, 10 P
gc 143 @0.292s 1%: 0.051+0.15+0.019 ms clock, 0.51+0.011/0.10/0+0.19 ms cpu, 3->3->0 MB, 4 MB goal, 0 MB stacks, 0 MB globals, 10 P
gc 144 @0.294s 1%: 0.050+0.18+0.017 ms clock, 0.50+0.009/0.12/0.010+0.17 ms cpu, 3->3->0 MB, 4 MB goal, 0 MB stacks, 0 MB globals, 10 P
gc 145 @0.297s 1%: 0.019+0.12+0.009 ms clock, 0.19+0.020/0.078/0+0.091 ms cpu, 3->3->0 MB, 4 MB goal, 0 MB stacks, 0 MB globals, 10 P
gc 146 @0.299s 1%: 0.015+0.11+0.022 ms clock, 0.15+0.009/0.090/0.029+0.22 ms cpu, 3->3->0 MB, 4 MB goal, 0 MB stacks, 0 MB globals, 10 P
gc 147 @0.301s 1%: 0.020+0.10+0.013 ms clock, 0.20+0.029/0.047/0+0.13 ms cpu, 3->3->0 MB, 4 MB goal, 0 MB stacks, 0 MB globals, 10 P
gc 148 @0.303s 1%: 0.038+0.16+0.008 ms clock, 0.38+0.030/0.089/0.001+0.089 ms cpu, 3->3->0 MB, 4 MB goal, 0 MB stacks, 0 MB globals, 10 P
gc 149 @0.305s 1%: 0.021+0.19+0.018 ms clock, 0.21+0.034/0.12/0.004+0.18 ms cpu, 3->3->0 MB, 4 MB goal, 0 MB stacks, 0 MB globals, 10 P
gc 150 @0.307s 1%: 0.018+0.17+0.011 ms clock, 0.18+0.024/0.076/0.006+0.11 ms cpu, 3->3->0 MB, 4 MB goal, 0 MB stacks, 0 MB globals, 10 P
gc 151 @0.309s 1%: 0.019+0.16+0.012 ms clock, 0.19+0.024/0.063/0+0.12 ms cpu, 3->3->0 MB, 4 MB goal, 0 MB stacks, 0 MB globals, 10 P
gc 152 @0.311s 1%: 0.015+0.088+0.001 ms clock, 0.15+0.027/0.048/0+0.015 ms cpu, 3->3->0 MB, 4 MB goal, 0 MB stacks, 0 MB globals, 10 P
gc 153 @0.313s 1%: 0.015+0.13+0.008 ms clock, 0.15+0.025/0.074/0.002+0.088 ms cpu, 3->3->0 MB, 4 MB goal, 0 MB stacks, 0 MB globals, 10 P
gc 154 @0.315s 1%: 0.018+0.089+0.013 ms clock, 0.18+0.031/0.076/0.009+0.13 ms cpu, 3->3->0 MB, 4 MB goal, 0 MB stacks, 0 MB globals, 10 P
gc 155 @0.317s 1%: 0.019+0.20+0.007 ms clock, 0.19+0.029/0.042/0+0.079 ms cpu, 3->4->0 MB, 4 MB goal, 0 MB stacks, 0 MB globals, 10 P
gc 156 @0.319s 1%: 0.015+0.22+0.007 ms clock, 0.15+0.026/0.041/0+0.072 ms cpu, 3->4->0 MB, 4 MB goal, 0 MB stacks, 0 MB globals, 10 P
gc 157 @0.321s 1%: 0.014+0.12+0.011 ms clock, 0.14+0.010/0.069/0+0.11 ms cpu, 3->3->0 MB, 4 MB goal, 0 MB stacks, 0 MB globals, 10 P
gc 158 @0.323s 1%: 0.017+0.081+0.009 ms clock, 0.17+0.006/0.057/0+0.098 ms cpu, 3->3->0 MB, 4 MB goal, 0 MB stacks, 0 MB globals, 10 P
gc 159 @0.325s 1%: 0.026+0.21+0.011 ms clock, 0.26+0.009/0.15/0.015+0.11 ms cpu, 3->3->0 MB, 4 MB goal, 0 MB stacks, 0 MB globals, 10 P
gc 160 @0.327s 1%: 0.019+0.16+0.010 ms clock, 0.19+0.024/0.057/0+0.10 ms cpu, 3->3->0 MB, 4 MB goal, 0 MB stacks, 0 MB globals, 10 P
gc 161 @0.329s 1%: 0.014+0.17+0.012 ms clock, 0.14+0.005/0.080/0.013+0.12 ms cpu, 3->3->0 MB, 4 MB goal, 0 MB stacks, 0 MB globals, 10 P
gc 162 @0.331s 1%: 0.014+0.11+0.008 ms clock, 0.14+0.017/0.052/0+0.085 ms cpu, 3->3->0 MB, 4 MB goal, 0 MB stacks, 0 MB globals, 10 P
gc 163 @0.333s 1%: 0.016+0.15+0.009 ms clock, 0.16+0.021/0.058/0+0.099 ms cpu, 3->3->0 MB, 4 MB goal, 0 MB stacks, 0 MB globals, 10 P
gc 164 @0.335s 1%: 0.017+0.12+0.007 ms clock, 0.17+0.006/0.061/0.011+0.075 ms cpu, 3->3->0 MB, 4 MB goal, 0 MB stacks, 0 MB globals, 10 P
gc 165 @0.337s 1%: 0.015+0.075+0.009 ms clock, 0.15+0.026/0.044/0+0.093 ms cpu, 3->3->0 MB, 4 MB goal, 0 MB stacks, 0 MB globals, 10 P
gc 166 @0.339s 1%: 0.017+0.12+0.021 ms clock, 0.17+0.042/0.072/0+0.21 ms cpu, 3->3->0 MB, 4 MB goal, 0 MB stacks, 0 MB globals, 10 P
gc 167 @0.341s 1%: 0.020+0.20+0.011 ms clock, 0.20+0.022/0.12/0.006+0.11 ms cpu, 3->4->0 MB, 4 MB goal, 0 MB stacks, 0 MB globals, 10 P
gc 168 @0.343s 1%: 0.019+0.13+0.008 ms clock, 0.19+0.005/0.089/0.002+0.089 ms cpu, 3->3->0 MB, 4 MB goal, 0 MB stacks, 0 MB globals, 10 P
gc 169 @0.345s 1%: 0.015+0.11+0.002 ms clock, 0.15+0.038/0.076/0+0.023 ms cpu, 3->3->0 MB, 4 MB goal, 0 MB stacks, 0 MB globals, 10 P
gc 170 @0.347s 1%: 0.015+0.091+0.008 ms clock, 0.15+0.031/0.057/0+0.087 ms cpu, 3->3->0 MB, 4 MB goal, 0 MB stacks, 0 MB globals, 10 P
gc 171 @0.349s 1%: 0.015+0.17+0.016 ms clock, 0.15+0.026/0.040/0+0.16 ms cpu, 3->3->0 MB, 4 MB goal, 0 MB stacks, 0 MB globals, 10 P
gc 172 @0.351s 1%: 0.015+0.15+0.008 ms clock, 0.15+0.006/0.064/0.017+0.084 ms cpu, 3->3->0 MB, 4 MB goal, 0 MB stacks, 0 MB globals, 10 P
gc 173 @0.353s 1%: 0.018+0.076+0.001 ms clock, 0.18+0.027/0.042/0+0.014 ms cpu, 3->3->0 MB, 4 MB goal, 0 MB stacks, 0 MB globals, 10 P
gc 174 @0.355s 1%: 0.022+0.22+0.001 ms clock, 0.22+0.038/0.024/0.001+0.010 ms cpu, 3->4->0 MB, 4 MB goal, 0 MB stacks, 0 MB globals, 10 P
gc 175 @0.357s 1%: 0.016+0.11+0.008 ms clock, 0.16+0.007/0.068/0.001+0.088 ms cpu, 3->3->0 MB, 4 MB goal, 0 MB stacks, 0 MB globals, 10 P
gc 176 @0.359s 1%: 0.017+0.15+0.008 ms clock, 0.17+0.024/0.052/0.006+0.080 ms cpu, 3->3->0 MB, 4 MB goal, 0 MB stacks, 0 MB globals, 10 P
gc 177 @0.361s 1%: 0.015+0.17+0.011 ms clock, 0.15+0.006/0.10/0+0.11 ms cpu, 3->3->0 MB, 4 MB goal, 0 MB stacks, 0 MB globals, 10 P
gc 178 @0.363s 1%: 0.015+0.20+0.012 ms clock, 0.15+0.033/0.14/0+0.12 ms cpu, 3->3->0 MB, 4 MB goal, 0 MB stacks, 0 MB globals, 10 P
gc 179 @0.365s 1%: 0.017+0.083+0.013 ms clock, 0.17+0.028/0.058/0+0.13 ms cpu, 3->3->0 MB, 4 MB goal, 0 MB stacks, 0 MB globals, 10 P
gc 180 @0.367s 1%: 0.038+0.12+0.009 ms clock, 0.38+0.029/0.074/0+0.090 ms cpu, 3->3->0 MB, 4 MB goal, 0 MB stacks, 0 MB globals, 10 P
gc 181 @0.369s 1%: 0.016+0.15+0.011 ms clock, 0.16+0.024/0.081/0+0.11 ms cpu, 3->3->0 MB, 4 MB goal, 0 MB stacks, 0 MB globals, 10 P
gc 182 @0.371s 1%: 0.015+0.10+0.008 ms clock, 0.15+0.019/0.092/0+0.085 ms cpu, 3->3->0 MB, 4 MB goal, 0 MB stacks, 0 MB globals, 10 P
gc 183 @0.373s 1%: 0.025+0.10+0.008 ms clock, 0.25+0.026/0.053/0+0.084 ms cpu, 3->3->0 MB, 4 MB goal, 0 MB stacks, 0 MB globals, 10 P
gc 184 @0.375s 1%: 0.016+0.12+0.012 ms clock, 0.16+0.023/0.061/0+0.12 ms cpu, 3->3->0 MB, 4 MB goal, 0 MB stacks, 0 MB globals, 10 P
gc 185 @0.377s 1%: 0.018+0.11+0.009 ms clock, 0.18+0.024/0.049/0+0.092 ms cpu, 3->3->0 MB, 4 MB goal, 0 MB stacks, 0 MB globals, 10 P
gc 186 @0.379s 1%: 0.016+0.26+0.010 ms clock, 0.16+0.021/0.075/0.012+0.10 ms cpu, 3->4->0 MB, 4 MB goal, 0 MB stacks, 0 MB globals, 10 P
gc 187 @0.381s 1%: 0.015+0.14+0.013 ms clock, 0.15+0.013/0.091/0+0.13 ms cpu, 3->3->0 MB, 4 MB goal, 0 MB stacks, 0 MB globals, 10 P
gc 188 @0.383s 1%: 0.017+0.14+0.010 ms clock, 0.17+0.005/0.089/0+0.10 ms cpu, 3->3->0 MB, 4 MB goal, 0 MB stacks, 0 MB globals, 10 P
gc 189 @0.385s 1%: 0.015+0.098+0.009 ms clock, 0.15+0.007/0.069/0.002+0.098 ms cpu, 3->3->0 MB, 4 MB goal, 0 MB stacks, 0 MB globals, 10 P
gc 190 @0.387s 1%: 0.019+0.15+0.018 ms clock, 0.19+0/0.13/0+0.18 ms cpu, 3->3->0 MB, 4 MB goal, 0 MB stacks, 0 MB globals, 10 P
gc 191 @0.389s 1%: 0.020+0.13+0.010 ms clock, 0.20+0.032/0.10/0.015+0.10 ms cpu, 3->3->0 MB, 4 MB goal, 0 MB stacks, 0 MB globals, 10 P
gc 192 @0.391s 1%: 0.041+0.19+0.021 ms clock, 0.41+0.083/0.22/0+0.21 ms cpu, 3->3->0 MB, 4 MB goal, 0 MB stacks, 0 MB globals, 10 P
gc 193 @0.393s 1%: 0.047+0.11+0.008 ms clock, 0.47+0.029/0.060/0+0.087 ms cpu, 3->3->0 MB, 4 MB goal, 0 MB stacks, 0 MB globals, 10 P
gc 194 @0.395s 1%: 0.050+0.13+0.011 ms clock, 0.50+0.008/0.11/0.010+0.11 ms cpu, 3->3->0 MB, 4 MB goal, 0 MB stacks, 0 MB globals, 10 P
gc 195 @0.397s 1%: 0.046+0.11+0.012 ms clock, 0.46+0.006/0.083/0.002+0.12 ms cpu, 3->3->0 MB, 4 MB goal, 0 MB stacks, 0 MB globals, 10 P
gc 196 @0.399s 1%: 0.018+0.18+0.008 ms clock, 0.18+0.025/0.043/0+0.082 ms cpu, 3->4->0 MB, 4 MB goal, 0 MB stacks, 0 MB globals, 10 P
gc 197 @0.401s 1%: 0.015+0.15+0.010 ms clock, 0.15+0.029/0.054/0.003+0.10 ms cpu, 3->3->0 MB, 4 MB goal, 0 MB stacks, 0 MB globals, 10 P
gc 198 @0.403s 1%: 0.015+0.11+0.010 ms clock, 0.15+0.026/0.052/0+0.10 ms cpu, 3->3->0 MB, 4 MB goal, 0 MB stacks, 0 MB globals, 10 P
gc 199 @0.405s 1%: 0.018+0.15+0.012 ms clock, 0.18+0.020/0.094/0+0.12 ms cpu, 3->3->0 MB, 4 MB goal, 0 MB stacks, 0 MB globals, 10 P
gc 200 @0.407s 1%: 0.019+0.10+0.007 ms clock, 0.19+0.028/0.061/0+0.078 ms cpu, 3->3->0 MB, 4 MB goal, 0 MB stacks, 0 MB globals, 10 P
gc 201 @0.409s 1%: 0.040+0.10+0.008 ms clock, 0.40+0.031/0.051/0+0.086 ms cpu, 3->3->0 MB, 4 MB goal, 0 MB stacks, 0 MB globals, 10 P
gc 202 @0.411s 1%: 0.017+0.17+0.009 ms clock, 0.17+0.009/0.089/0+0.090 ms cpu, 3->3->0 MB, 4 MB goal, 0 MB stacks, 0 MB globals, 10 P
gc 203 @0.413s 1%: 0.017+0.10+0.018 ms clock, 0.17+0.027/0.048/0+0.18 ms cpu, 3->3->0 MB, 4 MB goal, 0 MB stacks, 0 MB globals, 10 P
gc 204 @0.416s 1%: 0.016+0.23+0.011 ms clock, 0.16+0.028/0.052/0+0.11 ms cpu, 3->4->0 MB, 4 MB goal, 0 MB stacks, 0 MB globals, 10 P
gc 205 @0.418s 1%: 0.033+0.13+0.010 ms clock, 0.33+0/0.10/0.003+0.10 ms cpu, 3->3->0 MB, 4 MB goal, 0 MB stacks, 0 MB globals, 10 P
gc 206 @0.420s 1%: 0.015+0.13+0.009 ms clock, 0.15+0.005/0.071/0.002+0.098 ms cpu, 3->3->0 MB, 4 MB goal, 0 MB stacks, 0 MB globals, 10 P
gc 207 @0.422s 1%: 0.024+0.21+0.012 ms clock, 0.24+0.005/0.070/0+0.12 ms cpu, 3->3->0 MB, 4 MB goal, 0 MB stacks, 0 MB globals, 10 P
gc 208 @0.424s 1%: 0.015+0.29+0.024 ms clock, 0.15+0.006/0.073/0+0.24 ms cpu, 3->3->0 MB, 4 MB goal, 0 MB stacks, 0 MB globals, 10 P
gc 209 @0.426s 1%: 0.018+0.12+0.010 ms clock, 0.18+0.030/0.089/0.004+0.10 ms cpu, 3->3->0 MB, 4 MB goal, 0 MB stacks, 0 MB globals, 10 P
gc 210 @0.428s 1%: 0.014+0.14+0.010 ms clock, 0.14+0.032/0.046/0+0.10 ms cpu, 3->3->0 MB, 4 MB goal, 0 MB stacks, 0 MB globals, 10 P
gc 211 @0.430s 1%: 0.028+0.16+0.009 ms clock, 0.28+0.035/0.074/0+0.095 ms cpu, 3->3->0 MB, 4 MB goal, 0 MB stacks, 0 MB globals, 10 P
gc 212 @0.432s 1%: 0.015+0.12+0.010 ms clock, 0.15+0.024/0.053/0+0.10 ms cpu, 3->3->0 MB, 4 MB goal, 0 MB stacks, 0 MB globals, 10 P
gc 213 @0.434s 1%: 0.016+0.091+0.012 ms clock, 0.16+0.028/0.057/0+0.12 ms cpu, 3->3->0 MB, 4 MB goal, 0 MB stacks, 0 MB globals, 10 P
gc 214 @0.436s 1%: 0.021+0.15+0.012 ms clock, 0.21+0.005/0.097/0.014+0.12 ms cpu, 3->3->0 MB, 4 MB goal, 0 MB stacks, 0 MB globals, 10 P
gc 215 @0.438s 1%: 0.016+0.16+0.013 ms clock, 0.16+0.008/0.083/0.031+0.13 ms cpu, 3->3->0 MB, 4 MB goal, 0 MB stacks, 0 MB globals, 10 P
gc 216 @0.440s 1%: 0.020+0.15+0.008 ms clock, 0.20+0.025/0.053/0+0.086 ms cpu, 3->3->0 MB, 4 MB goal, 0 MB stacks, 0 MB globals, 10 P
gc 217 @0.442s 1%: 0.040+0.16+0.010 ms clock, 0.40+0.028/0.065/0+0.10 ms cpu, 3->3->0 MB, 4 MB goal, 0 MB stacks, 0 MB globals, 10 P
gc 218 @0.444s 1%: 0.016+0.098+0.012 ms clock, 0.16+0.031/0.039/0+0.12 ms cpu, 3->3->0 MB, 4 MB goal, 0 MB stacks, 0 MB globals, 10 P
gc 219 @0.446s 1%: 0.017+0.11+0.010 ms clock, 0.17+0.024/0.039/0+0.10 ms cpu, 3->3->0 MB, 4 MB goal, 0 MB stacks, 0 MB globals, 10 P
gc 220 @0.448s 1%: 0.014+0.092+0.009 ms clock, 0.14+0.028/0.084/0+0.093 ms cpu, 3->3->0 MB, 4 MB goal, 0 MB stacks, 0 MB globals, 10 P
gc 221 @0.450s 1%: 0.014+0.10+0.021 ms clock, 0.14+0.027/0.061/0+0.21 ms cpu, 3->3->0 MB, 4 MB goal, 0 MB stacks, 0 MB globals, 10 P
gc 222 @0.452s 1%: 0.022+0.12+0.014 ms clock, 0.22+0.026/0.059/0.001+0.14 ms cpu, 3->3->0 MB, 4 MB goal, 0 MB stacks, 0 MB globals, 10 P
gc 223 @0.454s 1%: 0.046+0.13+0.009 ms clock, 0.46+0.027/0.055/0.005+0.092 ms cpu, 3->3->0 MB, 4 MB goal, 0 MB stacks, 0 MB globals, 10 P
gc 224 @0.456s 1%: 0.019+0.085+0.008 ms clock, 0.19+0.026/0.037/0+0.088 ms cpu, 3->3->0 MB, 4 MB goal, 0 MB stacks, 0 MB globals, 10 P
gc 225 @0.458s 1%: 0.018+0.14+0.007 ms clock, 0.18+0.008/0.091/0.003+0.070 ms cpu, 3->3->0 MB, 4 MB goal, 0 MB stacks, 0 MB globals, 10 P
gc 226 @0.460s 1%: 0.016+0.077+0.009 ms clock, 0.16+0.028/0.051/0+0.094 ms cpu, 3->3->0 MB, 4 MB goal, 0 MB stacks, 0 MB globals, 10 P
gc 227 @0.462s 1%: 0.014+0.11+0.010 ms clock, 0.14+0.027/0.054/0+0.10 ms cpu, 3->3->0 MB, 4 MB goal, 0 MB stacks, 0 MB globals, 10 P
gc 228 @0.464s 1%: 0.016+0.10+0.002 ms clock, 0.16+0.023/0.054/0+0.029 ms cpu, 3->3->0 MB, 4 MB goal, 0 MB stacks, 0 MB globals, 10 P
gc 229 @0.466s 1%: 0.015+0.12+0.008 ms clock, 0.15+0.022/0.057/0+0.085 ms cpu, 3->3->0 MB, 4 MB goal, 0 MB stacks, 0 MB globals, 10 P
gc 230 @0.468s 1%: 0.041+0.19+0.009 ms clock, 0.41+0.007/0.054/0+0.096 ms cpu, 3->4->0 MB, 4 MB goal, 0 MB stacks, 0 MB globals, 10 P
gc 231 @0.470s 1%: 0.016+0.14+0.008 ms clock, 0.16+0/0.084/0.008+0.080 ms cpu, 3->3->0 MB, 4 MB goal, 0 MB stacks, 0 MB globals, 10 P
gc 232 @0.472s 1%: 0.016+0.26+0.011 ms clock, 0.16+0.028/0.036/0+0.11 ms cpu, 3->3->0 MB, 4 MB goal, 0 MB stacks, 0 MB globals, 10 P
gc 233 @0.474s 1%: 0.031+0.12+0.010 ms clock, 0.31+0.030/0.064/0+0.10 ms cpu, 3->3->0 MB, 4 MB goal, 0 MB stacks, 0 MB globals, 10 P
gc 234 @0.476s 1%: 0.037+0.10+0.009 ms clock, 0.37+0.008/0.083/0.001+0.090 ms cpu, 3->3->0 MB, 4 MB goal, 0 MB stacks, 0 MB globals, 10 P
gc 235 @0.478s 1%: 0.016+0.095+0.010 ms clock, 0.16+0.025/0.049/0+0.10 ms cpu, 3->3->0 MB, 4 MB goal, 0 MB stacks, 0 MB globals, 10 P
gc 236 @0.480s 1%: 0.032+0.12+0.012 ms clock, 0.32+0/0.087/0.008+0.12 ms cpu, 3->3->0 MB, 4 MB goal, 0 MB stacks, 0 MB globals, 10 P
gc 237 @0.482s 1%: 0.020+0.16+0.009 ms clock, 0.20+0.008/0.065/0+0.091 ms cpu, 3->3->0 MB, 4 MB goal, 0 MB stacks, 0 MB globals, 10 P
gc 238 @0.484s 1%: 0.015+0.12+0.011 ms clock, 0.15+0.022/0.051/0+0.11 ms cpu, 3->3->0 MB, 4 MB goal, 0 MB stacks, 0 MB globals, 10 P
gc 239 @0.486s 1%: 0.014+0.11+0.014 ms clock, 0.14+0.022/0.054/0+0.14 ms cpu, 3->3->0 MB, 4 MB goal, 0 MB stacks, 0 MB globals, 10 P
gc 240 @0.488s 1%: 0.014+0.20+0.025 ms clock, 0.14+0.021/0.066/0.082+0.25 ms cpu, 3->4->0 MB, 4 MB goal, 0 MB stacks, 0 MB globals, 10 P
gc 241 @0.490s 1%: 0.028+0.11+0.012 ms clock, 0.28+0.031/0.081/0.002+0.12 ms cpu, 3->3->0 MB, 4 MB goal, 0 MB stacks, 0 MB globals, 10 P
gc 242 @0.492s 1%: 0.031+0.17+0.011 ms clock, 0.31+0.033/0.10/0+0.11 ms cpu, 3->3->0 MB, 4 MB goal, 0 MB stacks, 0 MB globals, 10 P
gc 243 @0.494s 1%: 0.040+0.13+0.009 ms clock, 0.40+0.005/0.073/0.002+0.090 ms cpu, 3->3->0 MB, 4 MB goal, 0 MB stacks, 0 MB globals, 10 P
gc 244 @0.496s 1%: 0.016+0.12+0.009 ms clock, 0.16+0.057/0.099/0.034+0.094 ms cpu, 3->3->0 MB, 4 MB goal, 0 MB stacks, 0 MB globals, 10 P
gc 245 @0.498s 1%: 0.016+0.11+0.009 ms clock, 0.16+0.029/0.048/0+0.097 ms cpu, 3->3->0 MB, 4 MB goal, 0 MB stacks, 0 MB globals, 10 P
gc 246 @0.500s 1%: 0.014+0.12+0.015 ms clock, 0.14+0.008/0.078/0.001+0.15 ms cpu, 3->3->0 MB, 4 MB goal, 0 MB stacks, 0 MB globals, 10 P
gc 247 @0.502s 1%: 0.040+0.11+0.014 ms clock, 0.40+0/0.063/0.004+0.14 ms cpu, 3->3->0 MB, 4 MB goal, 0 MB stacks, 0 MB globals, 10 P
gc 248 @0.504s 1%: 0.017+0.10+0.011 ms clock, 0.17+0.025/0.055/0+0.11 ms cpu, 3->3->0 MB, 4 MB goal, 0 MB stacks, 0 MB globals, 10 P
gc 249 @0.506s 1%: 0.019+0.11+0.011 ms clock, 0.19+0.027/0.049/0+0.11 ms cpu, 3->3->0 MB, 4 MB goal, 0 MB stacks, 0 MB globals, 10 P
gc 250 @0.508s 1%: 0.018+0.19+0.010 ms clock, 0.18+0.026/0.070/0+0.10 ms cpu, 3->4->0 MB, 4 MB goal, 0 MB stacks, 0 MB globals, 10 P
gc 251 @0.510s 1%: 0.014+0.081+0.011 ms clock, 0.14+0.023/0.064/0+0.11 ms cpu, 3->3->0 MB, 4 MB goal, 0 MB stacks, 0 MB globals, 10 P
gc 252 @0.512s 1%: 0.014+0.11+0.011 ms clock, 0.14+0.024/0.067/0+0.11 ms cpu, 3->3->0 MB, 4 MB goal, 0 MB stacks, 0 MB globals, 10 P
gc 253 @0.514s 1%: 0.016+0.11+0.012 ms clock, 0.16+0.010/0.070/0.003+0.12 ms cpu, 3->3->0 MB, 4 MB goal, 0 MB stacks, 0 MB globals, 10 P
gc 254 @0.516s 1%: 0.046+0.14+0.008 ms clock, 0.46+0.036/0.071/0+0.081 ms cpu, 3->3->0 MB, 4 MB goal, 0 MB stacks, 0 MB globals, 10 P
gc 255 @0.518s 1%: 0.018+0.15+0.014 ms clock, 0.18+0.008/0.057/0+0.14 ms cpu, 3->3->0 MB, 4 MB goal, 0 MB stacks, 0 MB globals, 10 P
gc 256 @0.520s 1%: 0.016+0.13+0.023 ms clock, 0.16+0.023/0.053/0+0.23 ms cpu, 3->3->0 MB, 4 MB goal, 0 MB stacks, 0 MB globals, 10 P
gc 257 @0.522s 1%: 0.015+0.16+0.009 ms clock, 0.15+0.028/0.059/0.024+0.090 ms cpu, 3->3->0 MB, 4 MB goal, 0 MB stacks, 0 MB globals, 10 P
gc 258 @0.524s 1%: 0.022+0.099+0.011 ms clock, 0.22+0.027/0.065/0+0.11 ms cpu, 3->3->0 MB, 4 MB goal, 0 MB stacks, 0 MB globals, 10 P
gc 259 @0.526s 1%: 0.016+0.078+0.008 ms clock, 0.16+0.024/0.040/0+0.086 ms cpu, 3->3->0 MB, 4 MB goal, 0 MB stacks, 0 MB globals, 10 P
gc 260 @0.528s 1%: 0.015+0.12+0.010 ms clock, 0.15+0/0.10/0.001+0.10 ms cpu, 3->3->0 MB, 4 MB goal, 0 MB stacks, 0 MB globals, 10 P
gc 261 @0.530s 1%: 0.015+0.16+0.013 ms clock, 0.15+0.025/0.049/0+0.13 ms cpu, 3->3->0 MB, 4 MB goal, 0 MB stacks, 0 MB globals, 10 P
gc 262 @0.532s 1%: 0.015+0.19+0.013 ms clock, 0.15+0.026/0.064/0+0.13 ms cpu, 3->3->0 MB, 4 MB goal, 0 MB stacks, 0 MB globals, 10 P
gc 263 @0.534s 1%: 0.015+0.10+0.018 ms clock, 0.15+0.025/0.048/0+0.18 ms cpu, 3->3->0 MB, 4 MB goal, 0 MB stacks, 0 MB globals, 10 P
gc 264 @0.536s 1%: 0.040+0.077+0.015 ms clock, 0.40+0.021/0.063/0+0.15 ms cpu, 3->3->0 MB, 4 MB goal, 0 MB stacks, 0 MB globals, 10 P
gc 265 @0.538s 1%: 0.015+0.12+0.010 ms clock, 0.15+0.021/0.058/0+0.10 ms cpu, 3->3->0 MB, 4 MB goal, 0 MB stacks, 0 MB globals, 10 P
gc 266 @0.540s 1%: 0.020+0.091+0.010 ms clock, 0.20+0.045/0.079/0.001+0.10 ms cpu, 3->3->0 MB, 4 MB goal, 0 MB stacks, 0 MB globals, 10 P
gc 267 @0.543s 1%: 0.030+0.15+0.018 ms clock, 0.30+0.029/0.13/0.007+0.18 ms cpu, 3->3->0 MB, 4 MB goal, 0 MB stacks, 0 MB globals, 10 P
gc 268 @0.545s 1%: 0.027+0.14+0.011 ms clock, 0.27+0.008/0.12/0+0.11 ms cpu, 3->3->0 MB, 4 MB goal, 0 MB stacks, 0 MB globals, 10 P
gc 269 @0.547s 1%: 0.024+0.16+0.010 ms clock, 0.24+0.006/0.088/0.005+0.10 ms cpu, 3->3->0 MB, 4 MB goal, 0 MB stacks, 0 MB globals, 10 P
gc 270 @0.549s 1%: 0.020+0.12+0.014 ms clock, 0.20+0.028/0.046/0.005+0.14 ms cpu, 3->3->0 MB, 4 MB goal, 0 MB stacks, 0 MB globals, 10 P
gc 271 @0.551s 1%: 0.018+0.13+0.021 ms clock, 0.18+0.028/0.076/0+0.21 ms cpu, 3->3->0 MB, 4 MB goal, 0 MB stacks, 0 MB globals, 10 P
gc 272 @0.553s 1%: 0.037+0.13+0.018 ms clock, 0.37+0.025/0.062/0+0.18 ms cpu, 3->3->0 MB, 4 MB goal, 0 MB stacks, 0 MB globals, 10 P
gc 273 @0.556s 1%: 0.018+0.16+0.014 ms clock, 0.18+0.030/0.074/0+0.14 ms cpu, 3->3->0 MB, 4 MB goal, 0 MB stacks, 0 MB globals, 10 P
gc 274 @0.558s 1%: 0.023+0.14+0.014 ms clock, 0.23+0.015/0.11/0.022+0.14 ms cpu, 3->3->0 MB, 4 MB goal, 0 MB stacks, 0 MB globals, 10 P
gc 275 @0.560s 1%: 0.018+0.10+0.008 ms clock, 0.18+0.026/0.056/0+0.088 ms cpu, 3->3->0 MB, 4 MB goal, 0 MB stacks, 0 MB globals, 10 P
gc 276 @0.562s 1%: 0.015+0.13+0.008 ms clock, 0.15+0.027/0.056/0+0.082 ms cpu, 3->3->0 MB, 4 MB goal, 0 MB stacks, 0 MB globals, 10 P
gc 277 @0.564s 1%: 0.018+0.075+0.008 ms clock, 0.18+0.030/0.059/0+0.085 ms cpu, 3->3->0 MB, 4 MB goal, 0 MB stacks, 0 MB globals, 10 P
gc 278 @0.566s 1%: 0.017+0.088+0.007 ms clock, 0.17+0.005/0.11/0.002+0.079 ms cpu, 3->3->0 MB, 4 MB goal, 0 MB stacks, 0 MB globals, 10 P
gc 279 @0.568s 1%: 0.069+0.13+0.010 ms clock, 0.69+0.007/0.12/0.011+0.10 ms cpu, 3->3->0 MB, 4 MB goal, 0 MB stacks, 0 MB globals, 10 P
gc 280 @0.573s 1%: 0.037+0.16+0.010 ms clock, 0.37+0.036/0.10/0.002+0.10 ms cpu, 3->3->0 MB, 4 MB goal, 0 MB stacks, 0 MB globals, 10 P
gc 281 @0.575s 1%: 0.019+0.16+0.011 ms clock, 0.19+0.008/0.070/0.006+0.11 ms cpu, 3->3->0 MB, 4 MB goal, 0 MB stacks, 0 MB globals, 10 P
gc 282 @0.579s 1%: 0.022+0.20+0.013 ms clock, 0.22+0.048/0.080/0.001+0.13 ms cpu, 3->3->0 MB, 4 MB goal, 0 MB stacks, 0 MB globals, 10 P
gc 283 @0.581s 1%: 0.020+0.14+0.011 ms clock, 0.20+0.026/0.089/0.005+0.11 ms cpu, 3->3->0 MB, 4 MB goal, 0 MB stacks, 0 MB globals, 10 P
gc 284 @0.585s 1%: 0.067+0.16+0.020 ms clock, 0.67+0.009/0.12/0.012+0.20 ms cpu, 3->3->0 MB, 4 MB goal, 0 MB stacks, 0 MB globals, 10 P
gc 285 @0.588s 1%: 0.034+0.14+0.016 ms clock, 0.34+0.037/0.067/0+0.16 ms cpu, 3->3->0 MB, 4 MB goal, 0 MB stacks, 0 MB globals, 10 P
gc 286 @0.592s 1%: 0.029+0.27+0.011 ms clock, 0.29+0.019/0.094/0+0.11 ms cpu, 3->4->0 MB, 4 MB goal, 0 MB stacks, 0 MB globals, 10 P
gc 287 @0.594s 1%: 0.015+0.14+0.012 ms clock, 0.15+0.009/0.090/0.036+0.12 ms cpu, 3->3->0 MB, 4 MB goal, 0 MB stacks, 0 MB globals, 10 P
gc 288 @0.597s 1%: 0.040+0.15+0.020 ms clock, 0.40+0.006/0.10/0.004+0.20 ms cpu, 3->3->0 MB, 4 MB goal, 0 MB stacks, 0 MB globals, 10 P
gc 289 @0.599s 1%: 0.035+0.13+0.011 ms clock, 0.35+0.028/0.065/0+0.11 ms cpu, 3->3->0 MB, 4 MB goal, 0 MB stacks, 0 MB globals, 10 P
gc 290 @0.601s 1%: 0.036+0.23+0.009 ms clock, 0.36+0.014/0.074/0+0.092 ms cpu, 3->3->0 MB, 4 MB goal, 0 MB stacks, 0 MB globals, 10 P
gc 291 @0.603s 1%: 0.018+0.15+0.011 ms clock, 0.18+0.009/0.13/0.023+0.11 ms cpu, 3->3->0 MB, 4 MB goal, 0 MB stacks, 0 MB globals, 10 P
gc 292 @0.605s 1%: 0.036+0.26+0.012 ms clock, 0.36+0.031/0.052/0+0.12 ms cpu, 3->3->0 MB, 4 MB goal, 0 MB stacks, 0 MB globals, 10 P
gc 293 @0.607s 1%: 0.018+0.14+0.021 ms clock, 0.18+0.005/0.10/0.034+0.21 ms cpu, 3->3->0 MB, 4 MB goal, 0 MB stacks, 0 MB globals, 10 P
gc 294 @0.609s 1%: 0.016+0.18+0.013 ms clock, 0.16+0.033/0.066/0+0.13 ms cpu, 3->3->0 MB, 4 MB goal, 0 MB stacks, 0 MB globals, 10 P
gc 295 @0.611s 1%: 0.022+0.32+0.010 ms clock, 0.22+0.012/0.097/0.010+0.10 ms cpu, 3->4->0 MB, 4 MB goal, 0 MB stacks, 0 MB globals, 10 P
gc 296 @0.613s 1%: 0.049+0.13+0.012 ms clock, 0.49+0.007/0.13/0.004+0.12 ms cpu, 3->3->0 MB, 4 MB goal, 0 MB stacks, 0 MB globals, 10 P
gc 297 @0.615s 1%: 0.035+0.12+0.007 ms clock, 0.35+0.007/0.092/0+0.077 ms cpu, 3->3->0 MB, 4 MB goal, 0 MB stacks, 0 MB globals, 10 P
gc 298 @0.617s 1%: 0.019+0.21+0.13 ms clock, 0.19+0.031/0.056/0+1.3 ms cpu, 3->3->0 MB, 4 MB goal, 0 MB stacks, 0 MB globals, 10 P
gc 299 @0.619s 1%: 0.058+0.15+0.023 ms clock, 0.58+0.015/0.12/0+0.23 ms cpu, 3->3->0 MB, 4 MB goal, 0 MB stacks, 0 MB globals, 10 P
gc 300 @0.621s 1%: 0.037+0.26+0.019 ms clock, 0.37+0.007/0.18/0.008+0.19 ms cpu, 3->3->0 MB, 4 MB goal, 0 MB stacks, 0 MB globals, 10 P
gc 301 @0.623s 1%: 0.030+0.21+0.013 ms clock, 0.30+0.007/0.10/0+0.13 ms cpu, 3->3->0 MB, 4 MB goal, 0 MB stacks, 0 MB globals, 10 P
gc 302 @0.625s 1%: 0.020+0.10+0.008 ms clock, 0.20+0.006/0.080/0.003+0.085 ms cpu, 3->3->0 MB, 4 MB goal, 0 MB stacks, 0 MB globals, 10 P
gc 303 @0.627s 1%: 0.016+0.15+0.043 ms clock, 0.16+0.006/0.13/0.007+0.43 ms cpu, 3->3->0 MB, 4 MB goal, 0 MB stacks, 0 MB globals, 10 P
gc 304 @0.629s 1%: 0.024+0.21+0.041 ms clock, 0.24+0/0.12/0.024+0.41 ms cpu, 3->3->0 MB, 4 MB goal, 0 MB stacks, 0 MB globals, 10 P
gc 305 @0.632s 1%: 0.038+0.12+0.008 ms clock, 0.38+0.032/0.058/0+0.081 ms cpu, 3->3->0 MB, 4 MB goal, 0 MB stacks, 0 MB globals, 10 P
gc 306 @0.634s 1%: 0.018+0.21+0.009 ms clock, 0.18+0.008/0.066/0+0.099 ms cpu, 3->4->0 MB, 4 MB goal, 0 MB stacks, 0 MB globals, 10 P
gc 307 @0.636s 1%: 0.015+0.13+0.012 ms clock, 0.15+0.049/0.10/0+0.12 ms cpu, 3->3->0 MB, 4 MB goal, 0 MB stacks, 0 MB globals, 10 P
gc 308 @0.638s 1%: 0.022+0.15+0.023 ms clock, 0.22+0.016/0.15/0.010+0.23 ms cpu, 3->3->0 MB, 4 MB goal, 0 MB stacks, 0 MB globals, 10 P
gc 309 @0.640s 1%: 0.015+0.11+0.019 ms clock, 0.15+0.010/0.071/0.004+0.19 ms cpu, 3->3->0 MB, 4 MB goal, 0 MB stacks, 0 MB globals, 10 P
gc 310 @0.642s 1%: 0.038+0.10+0.008 ms clock, 0.38+0.031/0.045/0+0.083 ms cpu, 3->3->0 MB, 4 MB goal, 0 MB stacks, 0 MB globals, 10 P
gc 311 @0.644s 1%: 0.039+0.11+0.010 ms clock, 0.39+0.025/0.054/0+0.10 ms cpu, 3->3->0 MB, 4 MB goal, 0 MB stacks, 0 MB globals, 10 P
gc 312 @0.646s 1%: 0.017+0.18+0.010 ms clock, 0.17+0.006/0.10/0.008+0.10 ms cpu, 3->3->0 MB, 4 MB goal, 0 MB stacks, 0 MB globals, 10 P
gc 313 @0.648s 1%: 0.018+0.19+0.014 ms clock, 0.18+0.005/0.13/0.003+0.14 ms cpu, 3->3->0 MB, 4 MB goal, 0 MB stacks, 0 MB globals, 10 P
gc 314 @0.650s 1%: 0.020+0.11+0.007 ms clock, 0.20+0.006/0.072/0+0.075 ms cpu, 3->3->0 MB, 4 MB goal, 0 MB stacks, 0 MB globals, 10 P
gc 315 @0.652s 1%: 0.017+0.16+0.072 ms clock, 0.17+0.007/0.10/0.016+0.72 ms cpu, 3->3->0 MB, 4 MB goal, 0 MB stacks, 0 MB globals, 10 P
gc 316 @0.654s 1%: 0.021+0.12+0.012 ms clock, 0.21+0.012/0.086/0.002+0.12 ms cpu, 3->3->0 MB, 4 MB goal, 0 MB stacks, 0 MB globals, 10 P
gc 317 @0.656s 1%: 0.018+0.073+0.013 ms clock, 0.18+0.025/0.059/0+0.13 ms cpu, 3->3->0 MB, 4 MB goal, 0 MB stacks, 0 MB globals, 10 P
gc 318 @0.658s 1%: 0.033+0.22+0.009 ms clock, 0.33+0.030/0.053/0+0.092 ms cpu, 3->4->0 MB, 4 MB goal, 0 MB stacks, 0 MB globals, 10 P
gc 319 @0.660s 1%: 0.016+0.13+0.16 ms clock, 0.16+0.034/0.11/0+1.6 ms cpu, 3->4->0 MB, 4 MB goal, 0 MB stacks, 0 MB globals, 10 P
gc 320 @0.662s 1%: 0.018+0.10+0.012 ms clock, 0.18+0.005/0.085/0+0.12 ms cpu, 3->3->0 MB, 4 MB goal, 0 MB stacks, 0 MB globals, 10 P
gc 321 @0.664s 1%: 0.015+0.091+0.16 ms clock, 0.15+0.026/0.049/0+1.6 ms cpu, 3->3->0 MB, 4 MB goal, 0 MB stacks, 0 MB globals, 10 P
gc 322 @0.666s 1%: 0.038+0.20+0.010 ms clock, 0.38+0.005/0.082/0.008+0.10 ms cpu, 3->3->0 MB, 4 MB goal, 0 MB stacks, 0 MB globals, 10 P
gc 323 @0.668s 1%: 0.046+0.13+0.009 ms clock, 0.46+0.006/0.10/0.013+0.091 ms cpu, 3->3->0 MB, 4 MB goal, 0 MB stacks, 0 MB globals, 10 P
gc 324 @0.670s 1%: 0.025+0.18+0.011 ms clock, 0.25+0.006/0.092/0.011+0.11 ms cpu, 3->3->0 MB, 4 MB goal, 0 MB stacks, 0 MB globals, 10 P
gc 325 @0.672s 1%: 0.017+0.15+0.011 ms clock, 0.17+0.055/0.16/0.009+0.11 ms cpu, 3->3->0 MB, 4 MB goal, 0 MB stacks, 0 MB globals, 10 P
gc 326 @0.674s 1%: 0.015+0.13+0.020 ms clock, 0.15+0.021/0.083/0+0.20 ms cpu, 3->3->0 MB, 4 MB goal, 0 MB stacks, 0 MB globals, 10 P
gc 327 @0.676s 1%: 0.041+0.12+0.024 ms clock, 0.41+0.014/0.13/0.005+0.24 ms cpu, 3->3->0 MB, 4 MB goal, 0 MB stacks, 0 MB globals, 10 P
gc 328 @0.679s 1%: 0.037+0.14+0.010 ms clock, 0.37+0.038/0.090/0+0.10 ms cpu, 3->3->0 MB, 4 MB goal, 0 MB stacks, 0 MB globals, 10 P
gc 329 @0.681s 1%: 0.016+0.14+0.019 ms clock, 0.16+0.026/0.086/0+0.19 ms cpu, 3->3->0 MB, 4 MB goal, 0 MB stacks, 0 MB globals, 10 P
gc 330 @0.683s 1%: 0.017+0.13+0.008 ms clock, 0.17+0.045/0.058/0+0.088 ms cpu, 3->3->0 MB, 4 MB goal, 0 MB stacks, 0 MB globals, 10 P
gc 331 @0.685s 1%: 0.015+0.095+0.013 ms clock, 0.15+0.031/0.068/0+0.13 ms cpu, 3->3->0 MB, 4 MB goal, 0 MB stacks, 0 MB globals, 10 P
gc 332 @0.687s 1%: 0.038+0.16+0.010 ms clock, 0.38+0.014/0.11/0.001+0.10 ms cpu, 3->3->0 MB, 4 MB goal, 0 MB stacks, 0 MB globals, 10 P
gc 333 @0.689s 1%: 0.016+0.15+0.010 ms clock, 0.16+0.026/0.071/0+0.10 ms cpu, 3->3->0 MB, 4 MB goal, 0 MB stacks, 0 MB globals, 10 P
gc 334 @0.691s 1%: 0.015+0.16+0.019 ms clock, 0.15+0.028/0.067/0+0.19 ms cpu, 3->3->0 MB, 4 MB goal, 0 MB stacks, 0 MB globals, 10 P
gc 335 @0.693s 1%: 0.040+0.18+0.012 ms clock, 0.40+0.033/0.055/0+0.12 ms cpu, 3->3->0 MB, 4 MB goal, 0 MB stacks, 0 MB globals, 10 P
gc 336 @0.695s 1%: 0.019+0.12+0.013 ms clock, 0.19+0.023/0.067/0+0.13 ms cpu, 3->3->0 MB, 4 MB goal, 0 MB stacks, 0 MB globals, 10 P
gc 337 @0.697s 1%: 0.015+0.20+0.009 ms clock, 0.15+0.026/0.044/0+0.093 ms cpu, 3->4->0 MB, 4 MB goal, 0 MB stacks, 0 MB globals, 10 P
gc 338 @0.699s 1%: 0.015+0.16+0.027 ms clock, 0.15+0.006/0.11/0.040+0.27 ms cpu, 3->3->0 MB, 4 MB goal, 0 MB stacks, 0 MB globals, 10 P
gc 339 @0.701s 1%: 0.049+0.088+0.009 ms clock, 0.49+0.026/0.052/0+0.093 ms cpu, 3->3->0 MB, 4 MB goal, 0 MB stacks, 0 MB globals, 10 P
gc 340 @0.703s 1%: 0.021+0.10+0.011 ms clock, 0.21+0.031/0.056/0+0.11 ms cpu, 3->3->0 MB, 4 MB goal, 0 MB stacks, 0 MB globals, 10 P
gc 341 @0.705s 1%: 0.018+0.15+0.009 ms clock, 0.18+0.015/0.089/0.002+0.095 ms cpu, 3->3->0 MB, 4 MB goal, 0 MB stacks, 0 MB globals, 10 P
gc 342 @0.707s 1%: 0.017+0.12+0.021 ms clock, 0.17+0.038/0.10/0.004+0.21 ms cpu, 3->3->0 MB, 4 MB goal, 0 MB stacks, 0 MB globals, 10 P
gc 343 @0.709s 1%: 0.017+0.13+0.010 ms clock, 0.17+0.025/0.046/0+0.10 ms cpu, 3->3->0 MB, 4 MB goal, 0 MB stacks, 0 MB globals, 10 P
gc 344 @0.711s 1%: 0.015+0.097+0.008 ms clock, 0.15+0.023/0.046/0+0.085 ms cpu, 3->3->0 MB, 4 MB goal, 0 MB stacks, 0 MB globals, 10 P
gc 345 @0.713s 1%: 0.015+0.10+0.009 ms clock, 0.15+0.024/0.050/0+0.091 ms cpu, 3->3->0 MB, 4 MB goal, 0 MB stacks, 0 MB globals, 10 P
gc 346 @0.715s 1%: 0.037+0.15+0.009 ms clock, 0.37+0.030/0.085/0+0.095 ms cpu, 3->3->0 MB, 4 MB goal, 0 MB stacks, 0 MB globals, 10 P
gc 347 @0.717s 1%: 0.015+0.15+0.009 ms clock, 0.15+0.040/0.11/0+0.095 ms cpu, 3->3->0 MB, 4 MB goal, 0 MB stacks, 0 MB globals, 10 P
gc 348 @0.719s 1%: 0.017+0.13+0.010 ms clock, 0.17+0.009/0.12/0.004+0.10 ms cpu, 3->3->0 MB, 4 MB goal, 0 MB stacks, 0 MB globals, 10 P
gc 349 @0.721s 1%: 0.016+0.16+0.028 ms clock, 0.16+0.023/0.092/0.012+0.28 ms cpu, 3->3->0 MB, 4 MB goal, 0 MB stacks, 0 MB globals, 10 P
gc 350 @0.724s 1%: 0.040+0.12+0.010 ms clock, 0.40+0.005/0.10/0.012+0.10 ms cpu, 3->3->0 MB, 4 MB goal, 0 MB stacks, 0 MB globals, 10 P
gc 351 @0.726s 1%: 0.059+0.17+0.011 ms clock, 0.59+0.011/0.11/0.021+0.11 ms cpu, 3->3->0 MB, 4 MB goal, 0 MB stacks, 0 MB globals, 10 P
gc 352 @0.728s 1%: 0.015+0.15+0.010 ms clock, 0.15+0.023/0.065/0+0.10 ms cpu, 3->3->0 MB, 4 MB goal, 0 MB stacks, 0 MB globals, 10 P
gc 353 @0.730s 1%: 0.017+0.17+0.009 ms clock, 0.17+0.024/0.071/0+0.090 ms cpu, 3->3->0 MB, 4 MB goal, 0 MB stacks, 0 MB globals, 10 P
gc 354 @0.732s 1%: 0.021+0.11+0.13 ms clock, 0.21+0.026/0.082/0+1.3 ms cpu, 3->4->0 MB, 4 MB goal, 0 MB stacks, 0 MB globals, 10 P
gc 355 @0.734s 1%: 0.016+0.11+0.021 ms clock, 0.16+0.010/0.071/0+0.21 ms cpu, 3->3->0 MB, 4 MB goal, 0 MB stacks, 0 MB globals, 10 P
gc 356 @0.736s 1%: 0.018+0.19+0.009 ms clock, 0.18+0.016/0.14/0+0.090 ms cpu, 3->3->0 MB, 4 MB goal, 0 MB stacks, 0 MB globals, 10 P
gc 357 @0.738s 1%: 0.019+0.092+0.016 ms clock, 0.19+0.041/0.053/0+0.16 ms cpu, 3->3->0 MB, 4 MB goal, 0 MB stacks, 0 MB globals, 10 P
gc 358 @0.740s 1%: 0.023+0.14+0.011 ms clock, 0.23+0.014/0.10/0.004+0.11 ms cpu, 3->3->0 MB, 4 MB goal, 0 MB stacks, 0 MB globals, 10 P
gc 359 @0.742s 1%: 0.018+0.11+0.010 ms clock, 0.18+0.025/0.046/0+0.10 ms cpu, 3->3->0 MB, 4 MB goal, 0 MB stacks, 0 MB globals, 10 P
gc 360 @0.744s 1%: 0.014+0.15+0.013 ms clock, 0.14+0.028/0.10/0.003+0.13 ms cpu, 3->3->0 MB, 4 MB goal, 0 MB stacks, 0 MB globals, 10 P
gc 361 @0.746s 1%: 0.015+0.12+0.010 ms clock, 0.15+0.027/0.057/0+0.10 ms cpu, 3->3->0 MB, 4 MB goal, 0 MB stacks, 0 MB globals, 10 P
gc 362 @0.748s 1%: 0.035+0.18+0.013 ms clock, 0.35+0.007/0.10/0.028+0.13 ms cpu, 3->3->0 MB, 4 MB goal, 0 MB stacks, 0 MB globals, 10 P
gc 363 @0.750s 1%: 0.021+0.16+0.009 ms clock, 0.21+0.011/0.15/0.014+0.090 ms cpu, 3->3->0 MB, 4 MB goal, 0 MB stacks, 0 MB globals, 10 P
gc 364 @0.752s 1%: 0.016+0.13+0.013 ms clock, 0.16+0.034/0.074/0+0.13 ms cpu, 3->3->0 MB, 4 MB goal, 0 MB stacks, 0 MB globals, 10 P
gc 365 @0.754s 1%: 0.015+0.12+0.010 ms clock, 0.15+0.030/0.067/0+0.10 ms cpu, 3->3->0 MB, 4 MB goal, 0 MB stacks, 0 MB globals, 10 P
gc 366 @0.756s 1%: 0.017+0.18+0.011 ms clock, 0.17+0.023/0.081/0+0.11 ms cpu, 3->3->0 MB, 4 MB goal, 0 MB stacks, 0 MB globals, 10 P
gc 367 @0.758s 1%: 0.023+0.20+0.010 ms clock, 0.23+0.027/0.079/0.041+0.10 ms cpu, 3->3->0 MB, 4 MB goal, 0 MB stacks, 0 MB globals, 10 P
gc 368 @0.760s 1%: 0.019+0.17+0.010 ms clock, 0.19+0.024/0.054/0+0.10 ms cpu, 3->3->0 MB, 4 MB goal, 0 MB stacks, 0 MB globals, 10 P
gc 369 @0.763s 1%: 0.017+0.16+0.034 ms clock, 0.17+0.025/0.050/0+0.34 ms cpu, 3->3->0 MB, 4 MB goal, 0 MB stacks, 0 MB globals, 10 P
gc 370 @0.765s 1%: 0.016+0.19+0.010 ms clock, 0.16+0.020/0.082/0+0.10 ms cpu, 3->3->0 MB, 4 MB goal, 0 MB stacks, 0 MB globals, 10 P
gc 371 @0.767s 1%: 0.020+0.11+0.014 ms clock, 0.20+0.030/0.056/0+0.14 ms cpu, 3->3->0 MB, 4 MB goal, 0 MB stacks, 0 MB globals, 10 P
gc 372 @0.769s 1%: 0.037+0.18+0.014 ms clock, 0.37+0.006/0.084/0+0.14 ms cpu, 3->3->0 MB, 4 MB goal, 0 MB stacks, 0 MB globals, 10 P
gc 373 @0.771s 1%: 0.020+0.099+0.013 ms clock, 0.20+0.007/0.093/0.005+0.13 ms cpu, 3->3->0 MB, 4 MB goal, 0 MB stacks, 0 MB globals, 10 P
gc 374 @0.773s 1%: 0.026+0.10+0.008 ms clock, 0.26+0.023/0.073/0+0.080 ms cpu, 3->3->0 MB, 4 MB goal, 0 MB stacks, 0 MB globals, 10 P
gc 375 @0.775s 1%: 0.024+0.13+0.014 ms clock, 0.24+0.024/0.055/0+0.14 ms cpu, 3->3->0 MB, 4 MB goal, 0 MB stacks, 0 MB globals, 10 P
gc 376 @0.777s 1%: 0.016+0.10+0.018 ms clock, 0.16+0.028/0.042/0+0.18 ms cpu, 3->3->0 MB, 4 MB goal, 0 MB stacks, 0 MB globals, 10 P
gc 377 @0.779s 1%: 0.018+0.10+0.010 ms clock, 0.18+0.005/0.11/0.004+0.10 ms cpu, 3->3->0 MB, 4 MB goal, 0 MB stacks, 0 MB globals, 10 P
gc 378 @0.781s 1%: 0.015+0.24+0.009 ms clock, 0.15+0.007/0.063/0+0.094 ms cpu, 3->4->0 MB, 4 MB goal, 0 MB stacks, 0 MB globals, 10 P
gc 379 @0.783s 1%: 0.018+0.13+0.013 ms clock, 0.18+0.008/0.066/0+0.13 ms cpu, 3->3->0 MB, 4 MB goal, 0 MB stacks, 0 MB globals, 10 P
gc 380 @0.785s 1%: 0.015+0.12+0.011 ms clock, 0.15+0.026/0.052/0+0.11 ms cpu, 3->3->0 MB, 4 MB goal, 0 MB stacks, 0 MB globals, 10 P
gc 381 @0.787s 1%: 0.058+0.31+0.011 ms clock, 0.58+0.007/0.13/0+0.11 ms cpu, 3->4->0 MB, 4 MB goal, 0 MB stacks, 0 MB globals, 10 P
gc 382 @0.789s 1%: 0.017+0.26+0.009 ms clock, 0.17+0.028/0.045/0+0.090 ms cpu, 3->3->0 MB, 4 MB goal, 0 MB stacks, 0 MB globals, 10 P
gc 383 @0.791s 1%: 0.049+0.34+0.016 ms clock, 0.49+0.006/0.089/0+0.16 ms cpu, 3->4->0 MB, 4 MB goal, 0 MB stacks, 0 MB globals, 10 P
gc 384 @0.793s 1%: 0.039+0.17+0.009 ms clock, 0.39+0.007/0.11/0+0.093 ms cpu, 3->3->0 MB, 4 MB goal, 0 MB stacks, 0 MB globals, 10 P
gc 385 @0.795s 1%: 0.021+0.12+0.011 ms clock, 0.21+0.007/0.088/0.005+0.11 ms cpu, 3->3->0 MB, 4 MB goal, 0 MB stacks, 0 MB globals, 10 P
gc 386 @0.797s 1%: 0.015+0.13+0.013 ms clock, 0.15+0.005/0.10/0+0.13 ms cpu, 3->3->0 MB, 4 MB goal, 0 MB stacks, 0 MB globals, 10 P
gc 387 @0.799s 1%: 0.015+0.085+0.015 ms clock, 0.15+0.031/0.059/0+0.15 ms cpu, 3->3->0 MB, 4 MB goal, 0 MB stacks, 0 MB globals, 10 P
gc 388 @0.801s 1%: 0.017+0.13+0.006 ms clock, 0.17+0.005/0.085/0+0.067 ms cpu, 3->3->0 MB, 4 MB goal, 0 MB stacks, 0 MB globals, 10 P
gc 389 @0.803s 1%: 0.019+0.10+0.008 ms clock, 0.19+0.021/0.059/0+0.084 ms cpu, 3->3->0 MB, 4 MB goal, 0 MB stacks, 0 MB globals, 10 P
gc 390 @0.805s 1%: 0.018+0.13+0.011 ms clock, 0.18+0.025/0.051/0+0.11 ms cpu, 3->3->0 MB, 4 MB goal, 0 MB stacks, 0 MB globals, 10 P
gc 391 @0.807s 1%: 0.018+0.21+0.010 ms clock, 0.18+0.026/0.088/0+0.10 ms cpu, 3->3->0 MB, 4 MB goal, 0 MB stacks, 0 MB globals, 10 P
gc 392 @0.809s 1%: 0.021+0.089+0.009 ms clock, 0.21+0.023/0.047/0+0.091 ms cpu, 3->3->0 MB, 4 MB goal, 0 MB stacks, 0 MB globals, 10 P
gc 393 @0.811s 1%: 0.016+0.16+0.011 ms clock, 0.16+0.025/0.080/0+0.11 ms cpu, 3->3->0 MB, 4 MB goal, 0 MB stacks, 0 MB globals, 10 P
gc 394 @0.813s 1%: 0.015+0.083+0.009 ms clock, 0.15+0.021/0.048/0+0.091 ms cpu, 3->3->0 MB, 4 MB goal, 0 MB stacks, 0 MB globals, 10 P
gc 395 @0.815s 1%: 0.015+0.12+0.018 ms clock, 0.15+0.028/0.090/0+0.18 ms cpu, 3->3->0 MB, 4 MB goal, 0 MB stacks, 0 MB globals, 10 P
gc 396 @0.817s 1%: 0.015+0.16+0.013 ms clock, 0.15+0.010/0.074/0.007+0.13 ms cpu, 3->3->0 MB, 4 MB goal, 0 MB stacks, 0 MB globals, 10 P
gc 397 @0.819s 1%: 0.019+0.10+0.009 ms clock, 0.19+0.025/0.068/0+0.099 ms cpu, 3->3->0 MB, 4 MB goal, 0 MB stacks, 0 MB globals, 10 P
gc 398 @0.821s 1%: 0.014+0.14+0.010 ms clock, 0.14+0/0.090/0.004+0.10 ms cpu, 3->3->0 MB, 4 MB goal, 0 MB stacks, 0 MB globals, 10 P
gc 399 @0.823s 1%: 0.046+0.66+0.076 ms clock, 0.46+0.021/0.21/0+0.76 ms cpu, 3->3->0 MB, 4 MB goal, 0 MB stacks, 0 MB globals, 10 P
gc 400 @0.826s 1%: 0.024+0.14+0.014 ms clock, 0.24+0.039/0.11/0.006+0.14 ms cpu, 3->3->0 MB, 4 MB goal, 0 MB stacks, 0 MB globals, 10 P
gc 401 @0.828s 1%: 0.021+0.22+0.010 ms clock, 0.21+0.005/0.085/0.001+0.10 ms cpu, 3->4->0 MB, 4 MB goal, 0 MB stacks, 0 MB globals, 10 P
gc 402 @0.830s 1%: 0.023+0.11+0.016 ms clock, 0.23+0.007/0.093/0+0.16 ms cpu, 3->3->0 MB, 4 MB goal, 0 MB stacks, 0 MB globals, 10 P
gc 403 @0.832s 1%: 0.015+0.11+0.024 ms clock, 0.15+0.006/0.099/0.010+0.24 ms cpu, 3->3->0 MB, 4 MB goal, 0 MB stacks, 0 MB globals, 10 P
gc 404 @0.834s 1%: 0.019+0.12+0.009 ms clock, 0.19+0.029/0.071/0.002+0.098 ms cpu, 3->3->0 MB, 4 MB goal, 0 MB stacks, 0 MB globals, 10 P
gc 405 @0.836s 1%: 0.039+0.12+0.010 ms clock, 0.39+0.033/0.055/0+0.10 ms cpu, 3->3->0 MB, 4 MB goal, 0 MB stacks, 0 MB globals, 10 P
gc 406 @0.838s 1%: 0.016+0.13+0.015 ms clock, 0.16+0.005/0.12/0+0.15 ms cpu, 3->3->0 MB, 4 MB goal, 0 MB stacks, 0 MB globals, 10 P
gc 407 @0.840s 1%: 0.015+0.18+0.009 ms clock, 0.15+0.040/0.11/0.002+0.098 ms cpu, 3->3->0 MB, 4 MB goal, 0 MB stacks, 0 MB globals, 10 P
gc 408 @0.842s 1%: 0.019+0.11+0.009 ms clock, 0.19+0.026/0.064/0+0.097 ms cpu, 3->3->0 MB, 4 MB goal, 0 MB stacks, 0 MB globals, 10 P
gc 409 @0.844s 1%: 0.015+0.12+0.022 ms clock, 0.15+0.027/0.081/0.006+0.22 ms cpu, 3->3->0 MB, 4 MB goal, 0 MB stacks, 0 MB globals, 10 P
gc 410 @0.847s 1%: 0.015+0.11+0.008 ms clock, 0.15+0.029/0.058/0.002+0.081 ms cpu, 3->3->0 MB, 4 MB goal, 0 MB stacks, 0 MB globals, 10 P
gc 411 @0.849s 1%: 0.015+0.29+0.009 ms clock, 0.15+0.006/0.10/0.010+0.097 ms cpu, 3->4->0 MB, 4 MB goal, 0 MB stacks, 0 MB globals, 10 P
gc 412 @0.850s 1%: 0.014+0.30+0.011 ms clock, 0.14+0.005/0.076/0+0.11 ms cpu, 3->3->0 MB, 4 MB goal, 0 MB stacks, 0 MB globals, 10 P
gc 413 @0.852s 1%: 0.016+0.14+0.009 ms clock, 0.16+0.007/0.083/0+0.096 ms cpu, 3->3->0 MB, 4 MB goal, 0 MB stacks, 0 MB globals, 10 P
gc 414 @0.854s 1%: 0.014+0.10+0.020 ms clock, 0.14+0.009/0.064/0.014+0.20 ms cpu, 3->3->0 MB, 4 MB goal, 0 MB stacks, 0 MB globals, 10 P
gc 415 @0.856s 1%: 0.018+0.14+0.020 ms clock, 0.18+0.005/0.11/0+0.20 ms cpu, 3->3->0 MB, 4 MB goal, 0 MB stacks, 0 MB globals, 10 P
gc 416 @0.858s 1%: 0.019+0.17+0.009 ms clock, 0.19+0.007/0.076/0+0.093 ms cpu, 3->3->0 MB, 4 MB goal, 0 MB stacks, 0 MB globals, 10 P
gc 417 @0.860s 1%: 0.016+0.16+0.013 ms clock, 0.16+0.009/0.074/0+0.13 ms cpu, 3->3->0 MB, 4 MB goal, 0 MB stacks, 0 MB globals, 10 P
gc 418 @0.862s 1%: 0.021+0.13+0.017 ms clock, 0.21+0.022/0.077/0.002+0.17 ms cpu, 3->3->0 MB, 4 MB goal, 0 MB stacks, 0 MB globals, 10 P
gc 419 @0.864s 1%: 0.016+0.15+0.011 ms clock, 0.16+0.036/0.090/0+0.11 ms cpu, 3->3->0 MB, 4 MB goal, 0 MB stacks, 0 MB globals, 10 P
gc 420 @0.866s 1%: 0.014+0.13+0.010 ms clock, 0.14+0.010/0.074/0+0.10 ms cpu, 3->3->0 MB, 4 MB goal, 0 MB stacks, 0 MB globals, 10 P
gc 421 @0.868s 1%: 0.016+0.10+0.008 ms clock, 0.16+0.031/0.064/0+0.084 ms cpu, 3->3->0 MB, 4 MB goal, 0 MB stacks, 0 MB globals, 10 P
gc 422 @0.870s 1%: 0.024+0.24+0.010 ms clock, 0.24+0.006/0.088/0+0.10 ms cpu, 3->4->0 MB, 4 MB goal, 0 MB stacks, 0 MB globals, 10 P
gc 423 @0.873s 1%: 0.021+0.14+0.012 ms clock, 0.21+0.013/0.10/0+0.12 ms cpu, 3->3->0 MB, 4 MB goal, 0 MB stacks, 0 MB globals, 10 P
gc 424 @0.875s 1%: 0.021+0.13+0.009 ms clock, 0.21+0.023/0.048/0+0.090 ms cpu, 3->3->0 MB, 4 MB goal, 0 MB stacks, 0 MB globals, 10 P
gc 425 @0.876s 1%: 0.025+0.17+0.009 ms clock, 0.25+0.010/0.14/0.005+0.098 ms cpu, 3->3->0 MB, 4 MB goal, 0 MB stacks, 0 MB globals, 10 P
gc 426 @0.879s 1%: 0.017+0.11+0.023 ms clock, 0.17+0.012/0.078/0.024+0.23 ms cpu, 3->3->0 MB, 4 MB goal, 0 MB stacks, 0 MB globals, 10 P
gc 427 @0.881s 1%: 0.017+0.10+0.016 ms clock, 0.17+0.023/0.060/0+0.16 ms cpu, 3->3->0 MB, 4 MB goal, 0 MB stacks, 0 MB globals, 10 P
gc 428 @0.883s 1%: 0.015+0.16+0.012 ms clock, 0.15+0.030/0.083/0+0.12 ms cpu, 3->3->0 MB, 4 MB goal, 0 MB stacks, 0 MB globals, 10 P
gc 429 @0.885s 1%: 0.016+0.12+0.018 ms clock, 0.16+0.020/0.055/0+0.18 ms cpu, 3->3->0 MB, 4 MB goal, 0 MB stacks, 0 MB globals, 10 P
gc 430 @0.887s 1%: 0.037+0.14+0.018 ms clock, 0.37+0.039/0.091/0+0.18 ms cpu, 3->3->0 MB, 4 MB goal, 0 MB stacks, 0 MB globals, 10 P
gc 431 @0.889s 1%: 0.017+0.12+0.023 ms clock, 0.17+0.023/0.059/0.001+0.23 ms cpu, 3->3->0 MB, 4 MB goal, 0 MB stacks, 0 MB globals, 10 P
gc 432 @0.891s 1%: 0.020+0.16+0.010 ms clock, 0.20+0.005/0.091/0+0.10 ms cpu, 3->3->0 MB, 4 MB goal, 0 MB stacks, 0 MB globals, 10 P
gc 433 @0.893s 1%: 0.040+0.13+0.008 ms clock, 0.40+0.025/0.065/0+0.084 ms cpu, 3->3->0 MB, 4 MB goal, 0 MB stacks, 0 MB globals, 10 P
gc 434 @0.895s 1%: 0.019+0.13+0.010 ms clock, 0.19+0.025/0.070/0+0.10 ms cpu, 3->3->0 MB, 4 MB goal, 0 MB stacks, 0 MB globals, 10 P
gc 435 @0.897s 1%: 0.017+0.25+0.018 ms clock, 0.17+0.021/0.056/0+0.18 ms cpu, 3->4->0 MB, 4 MB goal, 0 MB stacks, 0 MB globals, 10 P
gc 436 @0.899s 1%: 0.018+0.20+0.008 ms clock, 0.18+0.030/0.053/0+0.080 ms cpu, 3->3->0 MB, 4 MB goal, 0 MB stacks, 0 MB globals, 10 P
gc 437 @0.901s 1%: 0.014+0.27+0.016 ms clock, 0.14+0.007/0.060/0+0.16 ms cpu, 3->4->0 MB, 4 MB goal, 0 MB stacks, 0 MB globals, 10 P
gc 438 @0.903s 1%: 0.037+0.16+0.013 ms clock, 0.37+0.006/0.10/0+0.13 ms cpu, 3->3->0 MB, 4 MB goal, 0 MB stacks, 0 MB globals, 10 P
gc 439 @0.905s 1%: 0.017+0.10+0.008 ms clock, 0.17+0.029/0.040/0+0.086 ms cpu, 3->3->0 MB, 4 MB goal, 0 MB stacks, 0 MB globals, 10 P
gc 440 @0.907s 1%: 0.017+0.12+0.010 ms clock, 0.17+0/0.094/0.011+0.10 ms cpu, 3->3->0 MB, 4 MB goal, 0 MB stacks, 0 MB globals, 10 P
gc 441 @0.909s 1%: 0.018+0.16+0.010 ms clock, 0.18+0.008/0.067/0+0.10 ms cpu, 3->3->0 MB, 4 MB goal, 0 MB stacks, 0 MB globals, 10 P
gc 442 @0.911s 1%: 0.017+0.11+0.016 ms clock, 0.17+0.009/0.080/0+0.16 ms cpu, 3->3->0 MB, 4 MB goal, 0 MB stacks, 0 MB globals, 10 P
gc 443 @0.913s 1%: 0.021+0.085+0.019 ms clock, 0.21+0.023/0.066/0.006+0.19 ms cpu, 3->3->0 MB, 4 MB goal, 0 MB stacks, 0 MB globals, 10 P
gc 444 @0.915s 1%: 0.015+0.11+0.002 ms clock, 0.15+0.027/0.072/0.005+0.025 ms cpu, 3->3->0 MB, 4 MB goal, 0 MB stacks, 0 MB globals, 10 P
gc 445 @0.917s 1%: 0.015+0.16+0.009 ms clock, 0.15+0.030/0.068/0+0.093 ms cpu, 3->3->0 MB, 4 MB goal, 0 MB stacks, 0 MB globals, 10 P
gc 446 @0.919s 1%: 0.053+0.069+0.010 ms clock, 0.53+0.005/0.063/0+0.10 ms cpu, 3->3->0 MB, 4 MB goal, 0 MB stacks, 0 MB globals, 10 P
gc 447 @0.921s 1%: 0.020+0.086+0.002 ms clock, 0.20+0.033/0.050/0+0.022 ms cpu, 3->3->0 MB, 4 MB goal, 0 MB stacks, 0 MB globals, 10 P
gc 448 @0.923s 1%: 0.016+0.10+0.007 ms clock, 0.16+0.024/0.046/0+0.078 ms cpu, 3->3->0 MB, 4 MB goal, 0 MB stacks, 0 MB globals, 10 P
gc 449 @0.925s 1%: 0.025+0.11+0.011 ms clock, 0.25+0.051/0.065/0+0.11 ms cpu, 3->3->0 MB, 4 MB goal, 0 MB stacks, 0 MB globals, 10 P
gc 450 @0.927s 1%: 0.016+0.14+0.019 ms clock, 0.16+0.027/0.061/0.002+0.19 ms cpu, 3->3->0 MB, 4 MB goal, 0 MB stacks, 0 MB globals, 10 P
gc 451 @0.929s 1%: 0.015+0.11+0.010 ms clock, 0.15+0.025/0.045/0+0.10 ms cpu, 3->3->0 MB, 4 MB goal, 0 MB stacks, 0 MB globals, 10 P
gc 452 @0.931s 1%: 0.015+0.13+0.012 ms clock, 0.15+0.021/0.092/0+0.12 ms cpu, 3->3->0 MB, 4 MB goal, 0 MB stacks, 0 MB globals, 10 P
gc 453 @0.933s 1%: 0.014+0.10+0.009 ms clock, 0.14+0.024/0.060/0.002+0.092 ms cpu, 3->3->0 MB, 4 MB goal, 0 MB stacks, 0 MB globals, 10 P
gc 454 @0.935s 1%: 0.040+0.17+0.022 ms clock, 0.40+0.030/0.15/0+0.22 ms cpu, 3->3->0 MB, 4 MB goal, 0 MB stacks, 0 MB globals, 10 P
gc 455 @0.937s 1%: 0.019+0.11+0.010 ms clock, 0.19+0.024/0.044/0+0.10 ms cpu, 3->3->0 MB, 4 MB goal, 0 MB stacks, 0 MB globals, 10 P
gc 456 @0.939s 1%: 0.015+0.17+0.011 ms clock, 0.15+0.025/0.044/0+0.11 ms cpu, 3->3->0 MB, 4 MB goal, 0 MB stacks, 0 MB globals, 10 P
gc 457 @0.941s 1%: 0.017+0.18+0.009 ms clock, 0.17+0.011/0.13/0+0.096 ms cpu, 3->4->0 MB, 4 MB goal, 0 MB stacks, 0 MB globals, 10 P
gc 458 @0.944s 1%: 0.032+0.18+0.008 ms clock, 0.32+0.020/0.12/0.002+0.085 ms cpu, 3->3->0 MB, 4 MB goal, 0 MB stacks, 0 MB globals, 10 P
gc 459 @0.946s 1%: 0.016+0.21+0.15 ms clock, 0.16+0.026/0.040/0+1.5 ms cpu, 3->4->0 MB, 4 MB goal, 0 MB stacks, 0 MB globals, 10 P
gc 460 @0.948s 1%: 0.020+0.15+0.009 ms clock, 0.20+0/0.079/0.008+0.097 ms cpu, 3->3->0 MB, 4 MB goal, 0 MB stacks, 0 MB globals, 10 P
gc 461 @0.949s 1%: 0.015+0.11+0.053 ms clock, 0.15+0/0.088/0.002+0.53 ms cpu, 3->3->0 MB, 4 MB goal, 0 MB stacks, 0 MB globals, 10 P
gc 462 @0.952s 1%: 0.026+0.11+0.010 ms clock, 0.26+0/0.10/0.019+0.10 ms cpu, 3->3->0 MB, 4 MB goal, 0 MB stacks, 0 MB globals, 10 P
gc 463 @0.953s 1%: 0.039+0.12+0.011 ms clock, 0.39+0.025/0.065/0+0.11 ms cpu, 3->3->0 MB, 4 MB goal, 0 MB stacks, 0 MB globals, 10 P
gc 464 @0.955s 1%: 0.019+0.11+0.008 ms clock, 0.19+0.009/0.075/0+0.089 ms cpu, 3->3->0 MB, 4 MB goal, 0 MB stacks, 0 MB globals, 10 P
gc 465 @0.957s 1%: 0.016+0.10+0.026 ms clock, 0.16+0.027/0.063/0+0.26 ms cpu, 3->3->0 MB, 4 MB goal, 0 MB stacks, 0 MB globals, 10 P
gc 466 @0.959s 1%: 0.015+0.075+0.009 ms clock, 0.15+0.008/0.072/0+0.090 ms cpu, 3->3->0 MB, 4 MB goal, 0 MB stacks, 0 MB globals, 10 P
gc 467 @0.961s 1%: 0.015+0.10+0.013 ms clock, 0.15+0.006/0.070/0+0.13 ms cpu, 3->3->0 MB, 4 MB goal, 0 MB stacks, 0 MB globals, 10 P
gc 468 @0.963s 1%: 0.016+0.093+0.007 ms clock, 0.16+0.029/0.063/0+0.075 ms cpu, 3->3->0 MB, 4 MB goal, 0 MB stacks, 0 MB globals, 10 P
gc 469 @0.965s 1%: 0.014+0.14+0.008 ms clock, 0.14+0/0.10/0+0.089 ms cpu, 3->3->0 MB, 4 MB goal, 0 MB stacks, 0 MB globals, 10 P
gc 470 @0.967s 1%: 0.015+0.11+0.010 ms clock, 0.15+0.024/0.051/0.004+0.10 ms cpu, 3->3->0 MB, 4 MB goal, 0 MB stacks, 0 MB globals, 10 P
gc 471 @0.969s 1%: 0.016+0.22+0.008 ms clock, 0.16+0.024/0.14/0+0.087 ms cpu, 3->4->0 MB, 4 MB goal, 0 MB stacks, 0 MB globals, 10 P
gc 472 @0.971s 1%: 0.016+0.13+0.009 ms clock, 0.16+0.009/0.092/0.001+0.093 ms cpu, 3->3->0 MB, 4 MB goal, 0 MB stacks, 0 MB globals, 10 P
gc 473 @0.973s 1%: 0.015+0.28+0.010 ms clock, 0.15+0.012/0.056/0+0.10 ms cpu, 3->4->0 MB, 4 MB goal, 0 MB stacks, 0 MB globals, 10 P
gc 474 @0.975s 1%: 0.014+0.15+0.011 ms clock, 0.14+0.029/0.055/0+0.11 ms cpu, 3->3->0 MB, 4 MB goal, 0 MB stacks, 0 MB globals, 10 P
gc 475 @0.977s 1%: 0.017+0.20+0.010 ms clock, 0.17+0/0.064/0+0.10 ms cpu, 3->3->0 MB, 4 MB goal, 0 MB stacks, 0 MB globals, 10 P
gc 476 @0.979s 1%: 0.015+0.13+0.017 ms clock, 0.15+0.007/0.076/0.003+0.17 ms cpu, 3->3->0 MB, 4 MB goal, 0 MB stacks, 0 MB globals, 10 P
gc 477 @0.981s 1%: 0.015+0.080+0.010 ms clock, 0.15+0/0.068/0+0.10 ms cpu, 3->3->0 MB, 4 MB goal, 0 MB stacks, 0 MB globals, 10 P
gc 478 @0.983s 1%: 0.015+0.11+0.014 ms clock, 0.15+0.025/0.063/0.020+0.14 ms cpu, 3->3->0 MB, 4 MB goal, 0 MB stacks, 0 MB globals, 10 P
gc 479 @0.985s 1%: 0.054+0.094+0.023 ms clock, 0.54+0.005/0.098/0.009+0.23 ms cpu, 3->3->0 MB, 4 MB goal, 0 MB stacks, 0 MB globals, 10 P
gc 480 @0.987s 1%: 0.015+0.12+0.012 ms clock, 0.15+0.024/0.044/0+0.12 ms cpu, 3->3->0 MB, 4 MB goal, 0 MB stacks, 0 MB globals, 10 P
gc 481 @0.989s 1%: 0.064+0.11+0.020 ms clock, 0.64+0.008/0.11/0+0.20 ms cpu, 3->3->0 MB, 4 MB goal, 0 MB stacks, 0 MB globals, 10 P
gc 482 @0.991s 1%: 0.037+0.15+0.018 ms clock, 0.37+0.025/0.064/0.008+0.18 ms cpu, 3->3->0 MB, 4 MB goal, 0 MB stacks, 0 MB globals, 10 P
gc 483 @0.993s 1%: 0.016+0.20+0.010 ms clock, 0.16+0.030/0.048/0+0.10 ms cpu, 3->4->0 MB, 4 MB goal, 0 MB stacks, 0 MB globals, 10 P
gc 484 @0.995s 1%: 0.015+0.21+0.010 ms clock, 0.15+0.028/0.046/0+0.10 ms cpu, 3->4->0 MB, 4 MB goal, 0 MB stacks, 0 MB globals, 10 P
gc 485 @0.997s 1%: 0.014+0.10+0.019 ms clock, 0.14+0.024/0.044/0+0.19 ms cpu, 3->3->0 MB, 4 MB goal, 0 MB stacks, 0 MB globals, 10 P
gc 486 @0.999s 1%: 0.015+0.14+0.009 ms clock, 0.15+0.021/0.060/0+0.097 ms cpu, 3->3->0 MB, 4 MB goal, 0 MB stacks, 0 MB globals, 10 P
gc 487 @1.001s 1%: 0.019+0.11+0.008 ms clock, 0.19+0.028/0.055/0+0.089 ms cpu, 3->3->0 MB, 4 MB goal, 0 MB stacks, 0 MB globals, 10 P
gc 488 @1.003s 1%: 0.015+0.12+0.009 ms clock, 0.15+0.035/0.081/0+0.091 ms cpu, 3->3->0 MB, 4 MB goal, 0 MB stacks, 0 MB globals, 10 P
gc 489 @1.005s 1%: 0.014+0.15+0.013 ms clock, 0.14+0.007/0.10/0.014+0.13 ms cpu, 3->3->0 MB, 4 MB goal, 0 MB stacks, 0 MB globals, 10 P
gc 490 @1.007s 1%: 0.016+0.16+0.008 ms clock, 0.16+0.028/0.067/0+0.083 ms cpu, 3->3->0 MB, 4 MB goal, 0 MB stacks, 0 MB globals, 10 P
gc 491 @1.009s 1%: 0.015+0.089+0.009 ms clock, 0.15+0.025/0.060/0+0.098 ms cpu, 3->3->0 MB, 4 MB goal, 0 MB stacks, 0 MB globals, 10 P
gc 492 @1.011s 1%: 0.015+0.20+0.008 ms clock, 0.15+0.026/0.051/0+0.085 ms cpu, 3->4->0 MB, 4 MB goal, 0 MB stacks, 0 MB globals, 10 P
gc 493 @1.013s 1%: 0.014+0.091+0.017 ms clock, 0.14+0.025/0.052/0+0.17 ms cpu, 3->3->0 MB, 4 MB goal, 0 MB stacks, 0 MB globals, 10 P
gc 494 @1.015s 1%: 0.015+0.10+0.016 ms clock, 0.15+0.023/0.050/0+0.16 ms cpu, 3->3->0 MB, 4 MB goal, 0 MB stacks, 0 MB globals, 10 P
gc 495 @1.017s 1%: 0.015+0.11+0.010 ms clock, 0.15+0.023/0.055/0.002+0.10 ms cpu, 3->3->0 MB, 4 MB goal, 0 MB stacks, 0 MB globals, 10 P
gc 496 @1.019s 1%: 0.030+0.12+0.020 ms clock, 0.30+0.005/0.16/0.021+0.20 ms cpu, 3->3->0 MB, 4 MB goal, 0 MB stacks, 0 MB globals, 10 P
gc 497 @1.021s 1%: 0.041+0.14+0.009 ms clock, 0.41+0/0.12/0.013+0.090 ms cpu, 3->3->0 MB, 4 MB goal, 0 MB stacks, 0 MB globals, 10 P
gc 498 @1.023s 1%: 0.017+0.19+0.009 ms clock, 0.17+0.025/0.049/0+0.097 ms cpu, 3->4->0 MB, 4 MB goal, 0 MB stacks, 0 MB globals, 10 P
gc 499 @1.025s 1%: 0.022+0.13+0.012 ms clock, 0.22+0.030/0.074/0+0.12 ms cpu, 3->3->0 MB, 4 MB goal, 0 MB stacks, 0 MB globals, 10 P
gc 500 @1.027s 1%: 0.039+0.12+0.025 ms clock, 0.39+0.038/0.096/0+0.25 ms cpu, 3->3->0 MB, 4 MB goal, 0 MB stacks, 0 MB globals, 10 P
gc 501 @1.029s 1%: 0.016+0.064+0.011 ms clock, 0.16+0.005/0.076/0.012+0.11 ms cpu, 3->3->0 MB, 4 MB goal, 0 MB stacks, 0 MB globals, 10 P
gc 502 @1.031s 1%: 0.015+0.12+0.023 ms clock, 0.15+0.024/0.046/0+0.23 ms cpu, 3->3->0 MB, 4 MB goal, 0 MB stacks, 0 MB globals, 10 P
gc 503 @1.033s 1%: 0.015+0.092+0.009 ms clock, 0.15+0.021/0.051/0+0.092 ms cpu, 3->3->0 MB, 4 MB goal, 0 MB stacks, 0 MB globals, 10 P
gc 504 @1.035s 1%: 0.016+0.28+0.012 ms clock, 0.16+0.025/0.062/0+0.12 ms cpu, 3->4->0 MB, 4 MB goal, 0 MB stacks, 0 MB globals, 10 P
gc 505 @1.037s 1%: 0.015+0.048+0.002 ms clock, 0.15+0.043/0.053/0.002+0.026 ms cpu, 3->3->0 MB, 4 MB goal, 0 MB stacks, 0 MB globals, 10 P
gc 506 @1.039s 1%: 0.018+0.16+0.011 ms clock, 0.18+0.023/0.10/0+0.11 ms cpu, 3->3->0 MB, 4 MB goal, 0 MB stacks, 0 MB globals, 10 P
gc 507 @1.041s 1%: 0.023+0.14+0.010 ms clock, 0.23+0.027/0.089/0.005+0.10 ms cpu, 3->3->0 MB, 4 MB goal, 0 MB stacks, 0 MB globals, 10 P
gc 508 @1.043s 1%: 0.018+0.20+0.013 ms clock, 0.18+0.024/0.053/0+0.13 ms cpu, 3->3->0 MB, 4 MB goal, 0 MB stacks, 0 MB globals, 10 P
gc 509 @1.045s 1%: 0.015+0.28+0.013 ms clock, 0.15+0.008/0.066/0+0.13 ms cpu, 3->3->0 MB, 4 MB goal, 0 MB stacks, 0 MB globals, 10 P
gc 510 @1.047s 1%: 0.022+0.14+0.020 ms clock, 0.22+0/0.067/0.009+0.20 ms cpu, 3->3->0 MB, 4 MB goal, 0 MB stacks, 0 MB globals, 10 P
gc 511 @1.050s 1%: 0.040+0.17+0.16 ms clock, 0.40+0.007/0.072/0.005+1.6 ms cpu, 3->4->0 MB, 4 MB goal, 0 MB stacks, 0 MB globals, 10 P
gc 512 @1.052s 1%: 0.018+0.14+0.019 ms clock, 0.18+0.008/0.062/0.001+0.19 ms cpu, 3->3->0 MB, 4 MB goal, 0 MB stacks, 0 MB globals, 10 P
gc 513 @1.054s 1%: 0.018+0.13+0.009 ms clock, 0.18+0.026/0.087/0+0.097 ms cpu, 3->3->0 MB, 4 MB goal, 0 MB stacks, 0 MB globals, 10 P
gc 514 @1.056s 1%: 0.016+0.16+0.010 ms clock, 0.16+0/0.064/0+0.10 ms cpu, 3->3->0 MB, 4 MB goal, 0 MB stacks, 0 MB globals, 10 P
gc 515 @1.057s 1%: 0.016+0.13+0.019 ms clock, 0.16+0/0.091/0.007+0.19 ms cpu, 3->3->0 MB, 4 MB goal, 0 MB stacks, 0 MB globals, 10 P
gc 516 @1.059s 1%: 0.014+0.17+0.015 ms clock, 0.14+0.009/0.13/0.002+0.15 ms cpu, 3->3->0 MB, 4 MB goal, 0 MB stacks, 0 MB globals, 10 P
gc 517 @1.061s 1%: 0.016+0.11+0.010 ms clock, 0.16+0.023/0.044/0+0.10 ms cpu, 3->3->0 MB, 4 MB goal, 0 MB stacks, 0 MB globals, 10 P
gc 518 @1.063s 1%: 0.016+0.11+0.009 ms clock, 0.16+0.027/0.053/0+0.096 ms cpu, 3->3->0 MB, 4 MB goal, 0 MB stacks, 0 MB globals, 10 P
gc 519 @1.065s 1%: 0.014+0.10+0.008 ms clock, 0.14+0.022/0.046/0+0.085 ms cpu, 3->3->0 MB, 4 MB goal, 0 MB stacks, 0 MB globals, 10 P
gc 520 @1.067s 1%: 0.014+0.12+0.008 ms clock, 0.14+0.022/0.066/0+0.082 ms cpu, 3->3->0 MB, 4 MB goal, 0 MB stacks, 0 MB globals, 10 P
gc 521 @1.069s 1%: 0.014+0.31+0.014 ms clock, 0.14+0.025/0.054/0+0.14 ms cpu, 3->4->0 MB, 4 MB goal, 0 MB stacks, 0 MB globals, 10 P
gc 522 @1.072s 1%: 0.030+0.15+0.011 ms clock, 0.30+0.006/0.086/0.009+0.11 ms cpu, 3->3->0 MB, 4 MB goal, 0 MB stacks, 0 MB globals, 10 P
gc 523 @1.074s 1%: 0.022+0.19+0.009 ms clock, 0.22+0.009/0.066/0.010+0.099 ms cpu, 3->3->0 MB, 4 MB goal, 0 MB stacks, 0 MB globals, 10 P
gc 524 @1.076s 1%: 0.019+0.12+0.014 ms clock, 0.19+0.005/0.062/0+0.14 ms cpu, 3->3->0 MB, 4 MB goal, 0 MB stacks, 0 MB globals, 10 P
gc 525 @1.077s 1%: 0.014+0.10+0.013 ms clock, 0.14+0.023/0.046/0+0.13 ms cpu, 3->3->0 MB, 4 MB goal, 0 MB stacks, 0 MB globals, 10 P
gc 526 @1.079s 1%: 0.014+0.12+0.011 ms clock, 0.14+0.009/0.060/0.002+0.11 ms cpu, 3->3->0 MB, 4 MB goal, 0 MB stacks, 0 MB globals, 10 P
gc 527 @1.081s 1%: 0.014+0.085+0.001 ms clock, 0.14+0.032/0.045/0+0.014 ms cpu, 3->3->0 MB, 4 MB goal, 0 MB stacks, 0 MB globals, 10 P
gc 528 @1.083s 1%: 0.020+0.10+0.009 ms clock, 0.20+0.026/0.044/0+0.097 ms cpu, 3->3->0 MB, 4 MB goal, 0 MB stacks, 0 MB globals, 10 P
gc 529 @1.085s 1%: 0.014+0.17+0.009 ms clock, 0.14+0.024/0.093/0+0.090 ms cpu, 3->3->0 MB, 4 MB goal, 0 MB stacks, 0 MB globals, 10 P
gc 530 @1.087s 1%: 0.051+0.13+0.010 ms clock, 0.51+0.029/0.052/0.006+0.10 ms cpu, 3->3->0 MB, 4 MB goal, 0 MB stacks, 0 MB globals, 10 P
gc 531 @1.089s 1%: 0.016+0.13+0.009 ms clock, 0.16+0.008/0.10/0.017+0.095 ms cpu, 3->3->0 MB, 4 MB goal, 0 MB stacks, 0 MB globals, 10 P
gc 532 @1.091s 1%: 0.036+0.12+0.009 ms clock, 0.36+0.036/0.057/0.001+0.096 ms cpu, 3->3->0 MB, 4 MB goal, 0 MB stacks, 0 MB globals, 10 P
gc 533 @1.094s 1%: 0.017+0.20+0.013 ms clock, 0.17+0.023/0.039/0+0.13 ms cpu, 3->4->0 MB, 4 MB goal, 0 MB stacks, 0 MB globals, 10 P
gc 534 @1.096s 1%: 0.018+0.16+0.009 ms clock, 0.18+0.024/0.049/0+0.097 ms cpu, 3->3->0 MB, 4 MB goal, 0 MB stacks, 0 MB globals, 10 P
gc 535 @1.098s 1%: 0.015+0.18+0.011 ms clock, 0.15+0.022/0.057/0.006+0.11 ms cpu, 3->3->0 MB, 4 MB goal, 0 MB stacks, 0 MB globals, 10 P
gc 536 @1.100s 1%: 0.015+0.11+0.011 ms clock, 0.15+0.023/0.045/0+0.11 ms cpu, 3->3->0 MB, 4 MB goal, 0 MB stacks, 0 MB globals, 10 P
gc 537 @1.101s 1%: 0.039+0.13+0.017 ms clock, 0.39+0/0.079/0.001+0.17 ms cpu, 3->3->0 MB, 4 MB goal, 0 MB stacks, 0 MB globals, 10 P
gc 538 @1.104s 1%: 0.021+0.11+0.009 ms clock, 0.21+0.023/0.053/0+0.096 ms cpu, 3->3->0 MB, 4 MB goal, 0 MB stacks, 0 MB globals, 10 P
gc 539 @1.105s 1%: 0.016+0.10+0.007 ms clock, 0.16+0.023/0.065/0+0.076 ms cpu, 3->3->0 MB, 4 MB goal, 0 MB stacks, 0 MB globals, 10 P
gc 540 @1.107s 1%: 0.017+0.17+0.008 ms clock, 0.17+0.024/0.060/0+0.080 ms cpu, 3->3->0 MB, 4 MB goal, 0 MB stacks, 0 MB globals, 10 P
gc 541 @1.110s 1%: 0.015+0.22+0.010 ms clock, 0.15+0.022/0.11/0+0.10 ms cpu, 3->4->0 MB, 4 MB goal, 0 MB stacks, 0 MB globals, 10 P
gc 542 @1.112s 1%: 0.015+0.14+0.017 ms clock, 0.15+0.020/0.046/0+0.17 ms cpu, 3->3->0 MB, 4 MB goal, 0 MB stacks, 0 MB globals, 10 P
gc 543 @1.114s 1%: 0.046+0.13+0.009 ms clock, 0.46+0.012/0.080/0.001+0.095 ms cpu, 3->3->0 MB, 4 MB goal, 0 MB stacks, 0 MB globals, 10 P
gc 544 @1.116s 1%: 0.015+0.28+0.013 ms clock, 0.15+0.005/0.062/0+0.13 ms cpu, 3->4->0 MB, 4 MB goal, 0 MB stacks, 0 MB globals, 10 P
gc 545 @1.118s 1%: 0.015+0.12+0.010 ms clock, 0.15+0.026/0.089/0.014+0.10 ms cpu, 3->3->0 MB, 4 MB goal, 0 MB stacks, 0 MB globals, 10 P
83800585	        13.14 ns/op	      24 B/op	       1 allocs/op
gc 546 @1.118s 1%: 0.018+0.054+0.001 ms clock, 0.18+0/0.074/0+0.010 ms cpu, 0->0->0 MB, 4 MB goal, 0 MB stacks, 0 MB globals, 10 P (forced)
gc 547 @1.118s 1%: 0.014+0.26+0.026 ms clock, 0.14+0/0.18/0+0.26 ms cpu, 32->32->32 MB, 32 MB goal, 0 MB stacks, 0 MB globals, 10 P
BenchmarkArenaAllocation-10       	gc 548 @1.121s 1%: 0.029+0.064+0.001 ms clock, 0.29+0/0.074/0+0.010 ms cpu, 32->32->32 MB, 64 MB goal, 0 MB stacks, 0 MB globals, 10 P (forced)
gc 549 @1.121s 1%: 0.014+0.11+0.002 ms clock, 0.14+0.042/0.074/0+0.023 ms cpu, 64->64->64 MB, 64 MB goal, 0 MB stacks, 0 MB globals, 10 P
gc 550 @1.121s 1%: 0.017+0.058+0.001 ms clock, 0.17+0/0.076/0.010+0.014 ms cpu, 64->64->32 MB, 128 MB goal, 0 MB stacks, 0 MB globals, 10 P (forced)
gc 551 @1.121s 1%: 0.016+0.10+0.020 ms clock, 0.16+0/0.068/0+0.20 ms cpu, 64->64->64 MB, 64 MB goal, 0 MB stacks, 0 MB globals, 10 P
gc 552 @1.122s 1%: 0.017+0.060+0.001 ms clock, 0.17+0/0.066/0+0.012 ms cpu, 64->64->32 MB, 128 MB goal, 0 MB stacks, 0 MB globals, 10 P (forced)
gc 553 @1.122s 1%: 0.015+0.19+0.021 ms clock, 0.15+0/0.11/0+0.21 ms cpu, 64->64->64 MB, 64 MB goal, 0 MB stacks, 0 MB globals, 10 P
gc 554 @1.127s 1%: 0.027+0.069+0.001 ms clock, 0.27+0/0.10/0+0.015 ms cpu, 64->64->32 MB, 128 MB goal, 0 MB stacks, 0 MB globals, 10 P (forced)
gc 555 @1.127s 1%: 0.014+0.14+0.009 ms clock, 0.14+0/0.088/0+0.092 ms cpu, 64->64->64 MB, 64 MB goal, 0 MB stacks, 0 MB globals, 10 P
gc 556 @1.341s 1%: 0.029+0.078+0.004 ms clock, 0.29+0/0.10/0.014+0.041 ms cpu, 64->64->32 MB, 128 MB goal, 0 MB stacks, 0 MB globals, 10 P (forced)
gc 557 @1.341s 1%: 0.024+0.12+0.046 ms clock, 0.24+0/0.082/0+0.46 ms cpu, 64->64->64 MB, 64 MB goal, 0 MB stacks, 0 MB globals, 10 P
562760605	         2.125 ns/op	       0 B/op	       0 allocs/op
gc 558 @2.541s 0%: 0.032+0.068+0.002 ms clock, 0.32+0/0.11/0+0.025 ms cpu, 64->64->32 MB, 128 MB goal, 0 MB stacks, 0 MB globals, 10 P (forced)
gc 559 @2.541s 0%: 0.018+0.076+0.012 ms clock, 0.18+0/0.086/0+0.12 ms cpu, 32->32->32 MB, 64 MB goal, 0 MB stacks, 0 MB globals, 10 P (forced)
BenchmarkGC_Pressure/Standard-10  	gc 560 @2.541s 0%: 0.019+0.058+0.010 ms clock, 0.19+0/0.078/0+0.10 ms cpu, 32->32->32 MB, 64 MB goal, 0 MB stacks, 0 MB globals, 10 P (forced)
gc 561 @2.555s 0%: 0.031+0.059+0.004 ms clock, 0.31+0/0.11/0.023+0.044 ms cpu, 62->62->32 MB, 64 MB goal, 0 MB stacks, 0 MB globals, 10 P (forced)
gc 562 @2.569s 0%: 0.026+0.18+0.009 ms clock, 0.26+0.039/0.14/0.017+0.094 ms cpu, 63->63->32 MB, 64 MB goal, 0 MB stacks, 0 MB globals, 10 P
gc 563 @2.581s 0%: 0.026+0.23+0.012 ms clock, 0.26+0.010/0.19/0.007+0.12 ms cpu, 63->63->32 MB, 65 MB goal, 0 MB stacks, 0 MB globals, 10 P
gc 564 @2.594s 0%: 0.027+0.16+0.012 ms clock, 0.27+0.008/0.16/0.021+0.12 ms cpu, 63->64->32 MB, 65 MB goal, 0 MB stacks, 0 MB globals, 10 P
gc 565 @2.607s 0%: 0.038+0.32+0.012 ms clock, 0.38+0.010/0.22/0.026+0.12 ms cpu, 63->63->32 MB, 64 MB goal, 0 MB stacks, 0 MB globals, 10 P
gc 566 @2.619s 0%: 0.028+0.16+0.016 ms clock, 0.28+0.006/0.17/0.017+0.16 ms cpu, 64->64->32 MB, 65 MB goal, 0 MB stacks, 0 MB globals, 10 P
gc 567 @2.632s 0%: 0.028+0.17+0.012 ms clock, 0.28+0.031/0.17/0+0.12 ms cpu, 63->63->32 MB, 65 MB goal, 0 MB stacks, 0 MB globals, 10 P
gc 568 @2.644s 0%: 0.028+0.25+0.008 ms clock, 0.28+0.035/0.22/0+0.089 ms cpu, 63->63->32 MB, 64 MB goal, 0 MB stacks, 0 MB globals, 10 P
gc 569 @2.657s 0%: 0.028+0.16+0.009 ms clock, 0.28+0.008/0.16/0.012+0.095 ms cpu, 63->63->32 MB, 64 MB goal, 0 MB stacks, 0 MB globals, 10 P
gc 570 @2.669s 0%: 0.023+0.20+0.040 ms clock, 0.23+0.034/0.17/0+0.40 ms cpu, 63->63->32 MB, 65 MB goal, 0 MB stacks, 0 MB globals, 10 P
gc 571 @2.683s 0%: 0.031+0.17+0.014 ms clock, 0.31+0.031/0.15/0+0.14 ms cpu, 64->64->32 MB, 65 MB goal, 0 MB stacks, 0 MB globals, 10 P
gc 572 @2.695s 0%: 0.026+0.18+0.009 ms clock, 0.26+0.009/0.16/0+0.090 ms cpu, 63->63->32 MB, 65 MB goal, 0 MB stacks, 0 MB globals, 10 P
gc 573 @2.708s 0%: 0.027+0.21+0.16 ms clock, 0.27+0.007/0.21/0.075+1.6 ms cpu, 63->63->32 MB, 64 MB goal, 0 MB stacks, 0 MB globals, 10 P
gc 574 @2.721s 0%: 0.022+0.24+0.011 ms clock, 0.22+0.038/0.17/0+0.11 ms cpu, 64->64->32 MB, 65 MB goal, 0 MB stacks, 0 MB globals, 10 P
gc 575 @2.734s 0%: 0.028+0.23+0.012 ms clock, 0.28+0.009/0.21/0.007+0.12 ms cpu, 64->64->32 MB, 65 MB goal, 0 MB stacks, 0 MB globals, 10 P
gc 576 @2.747s 0%: 0.026+0.24+0.014 ms clock, 0.26+0.037/0.16/0+0.14 ms cpu, 63->64->32 MB, 65 MB goal, 0 MB stacks, 0 MB globals, 10 P
gc 577 @2.759s 0%: 0.034+0.20+0.017 ms clock, 0.34+0.008/0.18/0.009+0.17 ms cpu, 64->64->32 MB, 65 MB goal, 0 MB stacks, 0 MB globals, 10 P
gc 578 @2.772s 0%: 0.025+0.14+0.013 ms clock, 0.25+0.007/0.15/0.012+0.13 ms cpu, 63->64->32 MB, 65 MB goal, 0 MB stacks, 0 MB globals, 10 P
gc 579 @2.784s 0%: 0.025+0.18+0.013 ms clock, 0.25+0.010/0.16/0.017+0.13 ms cpu, 63->63->32 MB, 64 MB goal, 0 MB stacks, 0 MB globals, 10 P
gc 580 @2.796s 0%: 0.024+0.18+0.010 ms clock, 0.24+0.032/0.20/0.031+0.10 ms cpu, 63->63->32 MB, 65 MB goal, 0 MB stacks, 0 MB globals, 10 P
gc 581 @2.809s 0%: 0.021+0.16+0.011 ms clock, 0.21+0.007/0.16/0.019+0.11 ms cpu, 63->63->32 MB, 64 MB goal, 0 MB stacks, 0 MB globals, 10 P
gc 582 @2.822s 0%: 0.024+0.16+0.012 ms clock, 0.24+0.011/0.14/0.016+0.12 ms cpu, 63->63->32 MB, 65 MB goal, 0 MB stacks, 0 MB globals, 10 P
gc 583 @2.834s 0%: 0.040+0.19+0.023 ms clock, 0.40+0.010/0.18/0.012+0.23 ms cpu, 63->63->32 MB, 64 MB goal, 0 MB stacks, 0 MB globals, 10 P
gc 584 @2.847s 0%: 0.027+0.15+0.016 ms clock, 0.27+0.008/0.14/0.003+0.16 ms cpu, 63->64->32 MB, 65 MB goal, 0 MB stacks, 0 MB globals, 10 P
gc 585 @2.860s 0%: 0.029+0.15+0.010 ms clock, 0.29+0.037/0.13/0+0.10 ms cpu, 63->63->32 MB, 64 MB goal, 0 MB stacks, 0 MB globals, 10 P
gc 586 @2.873s 0%: 0.025+0.18+0.019 ms clock, 0.25+0.011/0.10/0.012+0.19 ms cpu, 63->63->32 MB, 65 MB goal, 0 MB stacks, 0 MB globals, 10 P
gc 587 @2.886s 0%: 0.028+0.22+0.013 ms clock, 0.28+0.006/0.19/0.018+0.13 ms cpu, 63->63->32 MB, 65 MB goal, 0 MB stacks, 0 MB globals, 10 P
gc 588 @2.899s 0%: 0.024+0.23+0.014 ms clock, 0.24+0.007/0.32/0.018+0.14 ms cpu, 64->64->32 MB, 65 MB goal, 0 MB stacks, 0 MB globals, 10 P
gc 589 @2.912s 0%: 0.029+0.12+0.012 ms clock, 0.29+0.035/0.11/0+0.12 ms cpu, 63->63->32 MB, 65 MB goal, 0 MB stacks, 0 MB globals, 10 P
gc 590 @2.924s 0%: 0.030+0.16+0.013 ms clock, 0.30+0.009/0.20/0.059+0.13 ms cpu, 63->63->32 MB, 64 MB goal, 0 MB stacks, 0 MB globals, 10 P
gc 591 @2.937s 0%: 0.040+0.24+0.014 ms clock, 0.40+0.009/0.16/0.012+0.14 ms cpu, 63->63->32 MB, 64 MB goal, 0 MB stacks, 0 MB globals, 10 P
gc 592 @2.950s 0%: 0.024+0.11+0.009 ms clock, 0.24+0.033/0.10/0+0.096 ms cpu, 63->63->32 MB, 65 MB goal, 0 MB stacks, 0 MB globals, 10 P
gc 593 @2.963s 0%: 0.032+0.15+0.015 ms clock, 0.32+0.031/0.11/0+0.15 ms cpu, 63->63->32 MB, 64 MB goal, 0 MB stacks, 0 MB globals, 10 P
gc 594 @2.976s 0%: 0.028+0.16+0.012 ms clock, 0.28+0.009/0.13/0.016+0.12 ms cpu, 63->63->32 MB, 64 MB goal, 0 MB stacks, 0 MB globals, 10 P
gc 595 @2.988s 0%: 0.027+0.23+0.010 ms clock, 0.27+0.011/0.17/0.011+0.10 ms cpu, 63->63->32 MB, 64 MB goal, 0 MB stacks, 0 MB globals, 10 P
gc 596 @3.002s 0%: 0.027+0.18+0.010 ms clock, 0.27+0.008/0.24/0.013+0.10 ms cpu, 64->64->32 MB, 65 MB goal, 0 MB stacks, 0 MB globals, 10 P
gc 597 @3.015s 0%: 0.038+0.29+0.029 ms clock, 0.38+0.008/0.26/0.031+0.29 ms cpu, 63->63->32 MB, 65 MB goal, 0 MB stacks, 0 MB globals, 10 P
gc 598 @3.027s 0%: 0.030+0.20+0.007 ms clock, 0.30+0.007/0.15/0.018+0.078 ms cpu, 63->63->32 MB, 65 MB goal, 0 MB stacks, 0 MB globals, 10 P
gc 599 @3.040s 0%: 0.028+0.12+0.011 ms clock, 0.28+0.016/0.13/0.005+0.11 ms cpu, 63->63->32 MB, 65 MB goal, 0 MB stacks, 0 MB globals, 10 P
gc 600 @3.053s 0%: 0.039+0.21+0.023 ms clock, 0.39+0.010/0.16/0.018+0.23 ms cpu, 63->63->32 MB, 64 MB goal, 0 MB stacks, 0 MB globals, 10 P
gc 601 @3.066s 0%: 0.038+0.23+0.13 ms clock, 0.38+0.033/0.19/0.004+1.3 ms cpu, 63->63->32 MB, 64 MB goal, 0 MB stacks, 0 MB globals, 10 P
gc 602 @3.079s 0%: 0.029+0.18+0.011 ms clock, 0.29+0.008/0.16/0.018+0.11 ms cpu, 64->64->32 MB, 65 MB goal, 0 MB stacks, 0 MB globals, 10 P
gc 603 @3.092s 0%: 0.027+0.30+0.010 ms clock, 0.27+0.009/0.22/0.074+0.10 ms cpu, 63->63->32 MB, 64 MB goal, 0 MB stacks, 0 MB globals, 10 P
gc 604 @3.105s 0%: 0.059+0.32+0.013 ms clock, 0.59+0.011/0.23/0.046+0.13 ms cpu, 63->64->32 MB, 65 MB goal, 0 MB stacks, 0 MB globals, 10 P
gc 605 @3.119s 0%: 0.046+0.31+0.014 ms clock, 0.46+0.009/0.14/0.033+0.14 ms cpu, 63->64->32 MB, 65 MB goal, 0 MB stacks, 0 MB globals, 10 P
gc 606 @3.131s 0%: 0.030+0.22+0.015 ms clock, 0.30+0.009/0.19/0.078+0.15 ms cpu, 63->63->32 MB, 65 MB goal, 0 MB stacks, 0 MB globals, 10 P
gc 607 @3.144s 0%: 0.027+0.15+0.015 ms clock, 0.27+0.018/0.19/0+0.15 ms cpu, 63->63->32 MB, 65 MB goal, 0 MB stacks, 0 MB globals, 10 P
gc 608 @3.157s 0%: 0.029+0.21+0.035 ms clock, 0.29+0.009/0.16/0.010+0.35 ms cpu, 63->63->32 MB, 64 MB goal, 0 MB stacks, 0 MB globals, 10 P
gc 609 @3.170s 0%: 0.056+0.17+0.025 ms clock, 0.56+0.011/0.18/0+0.25 ms cpu, 63->63->32 MB, 65 MB goal, 0 MB stacks, 0 MB globals, 10 P
gc 610 @3.183s 0%: 0.039+0.28+0.014 ms clock, 0.39+0.011/0.24/0.030+0.14 ms cpu, 63->63->32 MB, 64 MB goal, 0 MB stacks, 0 MB globals, 10 P
gc 611 @3.196s 0%: 0.031+0.17+0.014 ms clock, 0.31+0.009/0.17/0.025+0.14 ms cpu, 63->64->32 MB, 65 MB goal, 0 MB stacks, 0 MB globals, 10 P
gc 612 @3.209s 0%: 0.035+0.21+0.010 ms clock, 0.35+0.009/0.19/0.014+0.10 ms cpu, 63->63->32 MB, 64 MB goal, 0 MB stacks, 0 MB globals, 10 P
gc 613 @3.222s 0%: 0.031+0.17+0.022 ms clock, 0.31+0.037/0.11/0+0.22 ms cpu, 63->64->32 MB, 65 MB goal, 0 MB stacks, 0 MB globals, 10 P
gc 614 @3.235s 0%: 0.050+0.16+0.023 ms clock, 0.50+0.009/0.19/0.003+0.23 ms cpu, 63->63->32 MB, 64 MB goal, 0 MB stacks, 0 MB globals, 10 P
gc 615 @3.248s 0%: 0.061+0.12+0.018 ms clock, 0.61+0.013/0.11/0.033+0.18 ms cpu, 63->63->32 MB, 65 MB goal, 0 MB stacks, 0 MB globals, 10 P
gc 616 @3.260s 0%: 0.039+0.19+0.018 ms clock, 0.39+0.010/0.20/0.038+0.18 ms cpu, 63->63->32 MB, 64 MB goal, 0 MB stacks, 0 MB globals, 10 P
gc 617 @3.273s 0%: 0.030+0.19+0.014 ms clock, 0.30+0.009/0.19/0.029+0.14 ms cpu, 63->63->32 MB, 65 MB goal, 0 MB stacks, 0 MB globals, 10 P
gc 618 @3.286s 0%: 0.026+0.29+0.024 ms clock, 0.26+0.008/0.35/0+0.24 ms cpu, 63->63->32 MB, 64 MB goal, 0 MB stacks, 0 MB globals, 10 P
gc 619 @3.299s 0%: 0.027+0.21+0.014 ms clock, 0.27+0.064/0.18/0+0.14 ms cpu, 63->64->32 MB, 65 MB goal, 0 MB stacks, 0 MB globals, 10 P
gc 620 @3.311s 0%: 0.041+0.23+0.012 ms clock, 0.41+0.009/0.21/0.001+0.12 ms cpu, 63->63->32 MB, 64 MB goal, 0 MB stacks, 0 MB globals, 10 P
gc 621 @3.324s 0%: 0.033+0.22+0.011 ms clock, 0.33+0.009/0.18/0.020+0.11 ms cpu, 63->63->32 MB, 65 MB goal, 0 MB stacks, 0 MB globals, 10 P
gc 622 @3.337s 0%: 0.065+0.24+0.020 ms clock, 0.65+0.010/0.21/0.041+0.20 ms cpu, 63->63->32 MB, 65 MB goal, 0 MB stacks, 0 MB globals, 10 P
gc 623 @3.350s 0%: 0.030+0.16+0.009 ms clock, 0.30+0.036/0.17/0+0.095 ms cpu, 63->63->32 MB, 65 MB goal, 0 MB stacks, 0 MB globals, 10 P
gc 624 @3.363s 0%: 0.032+0.17+0.010 ms clock, 0.32+0.010/0.17/0.016+0.10 ms cpu, 63->64->32 MB, 65 MB goal, 0 MB stacks, 0 MB globals, 10 P
gc 625 @3.376s 0%: 0.047+0.19+0.012 ms clock, 0.47+0.009/0.20/0.014+0.12 ms cpu, 63->63->32 MB, 64 MB goal, 0 MB stacks, 0 MB globals, 10 P
gc 626 @3.388s 0%: 0.027+0.21+0.021 ms clock, 0.27+0.013/0.14/0.012+0.21 ms cpu, 63->64->32 MB, 65 MB goal, 0 MB stacks, 0 MB globals, 10 P
gc 627 @3.402s 0%: 0.027+0.23+0.012 ms clock, 0.27+0.008/0.17/0.019+0.12 ms cpu, 63->63->32 MB, 64 MB goal, 0 MB stacks, 0 MB globals, 10 P
gc 628 @3.415s 0%: 0.039+0.15+0.010 ms clock, 0.39+0.009/0.16/0.023+0.10 ms cpu, 63->64->32 MB, 65 MB goal, 0 MB stacks, 0 MB globals, 10 P
gc 629 @3.428s 0%: 0.026+0.16+0.011 ms clock, 0.26+0.007/0.12/0.026+0.11 ms cpu, 63->63->32 MB, 65 MB goal, 0 MB stacks, 0 MB globals, 10 P
gc 630 @3.441s 0%: 0.031+0.24+0.010 ms clock, 0.31+0.009/0.20/0.021+0.10 ms cpu, 63->63->32 MB, 64 MB goal, 0 MB stacks, 0 MB globals, 10 P
gc 631 @3.453s 0%: 0.025+0.18+0.018 ms clock, 0.25+0.008/0.16/0.068+0.18 ms cpu, 63->64->32 MB, 65 MB goal, 0 MB stacks, 0 MB globals, 10 P
gc 632 @3.466s 0%: 0.026+0.20+0.010 ms clock, 0.26+0.008/0.19/0.018+0.10 ms cpu, 63->63->32 MB, 64 MB goal, 0 MB stacks, 0 MB globals, 10 P
gc 633 @3.479s 0%: 0.025+0.22+0.010 ms clock, 0.25+0.008/0.18/0.004+0.10 ms cpu, 63->64->32 MB, 65 MB goal, 0 MB stacks, 0 MB globals, 10 P
gc 634 @3.492s 0%: 0.026+0.18+0.014 ms clock, 0.26+0.008/0.13/0.016+0.14 ms cpu, 63->63->32 MB, 65 MB goal, 0 MB stacks, 0 MB globals, 10 P
gc 635 @3.505s 0%: 0.031+0.20+0.009 ms clock, 0.31+0.008/0.18/0.010+0.098 ms cpu, 63->63->32 MB, 65 MB goal, 0 MB stacks, 0 MB globals, 10 P
gc 636 @3.518s 0%: 0.025+0.36+0.013 ms clock, 0.25+0.009/0.30/0.011+0.13 ms cpu, 64->64->32 MB, 65 MB goal, 0 MB stacks, 0 MB globals, 10 P
gc 637 @3.531s 0%: 0.028+0.18+0.015 ms clock, 0.28+0.008/0.14/0.017+0.15 ms cpu, 63->64->32 MB, 65 MB goal, 0 MB stacks, 0 MB globals, 10 P
gc 638 @3.544s 0%: 0.030+0.19+0.013 ms clock, 0.30+0.008/0.18/0.017+0.13 ms cpu, 63->63->32 MB, 64 MB goal, 0 MB stacks, 0 MB globals, 10 P
gc 639 @3.557s 0%: 0.033+0.23+0.010 ms clock, 0.33+0.008/0.26/0+0.10 ms cpu, 63->64->32 MB, 65 MB goal, 0 MB stacks, 0 MB globals, 10 P
gc 640 @3.570s 0%: 0.024+0.22+0.012 ms clock, 0.24+0.007/0.12/0.036+0.12 ms cpu, 63->64->32 MB, 65 MB goal, 0 MB stacks, 0 MB globals, 10 P
gc 641 @3.583s 0%: 0.029+0.18+0.040 ms clock, 0.29+0.007/0.18/0.012+0.40 ms cpu, 63->63->32 MB, 65 MB goal, 0 MB stacks, 0 MB globals, 10 P
gc 642 @3.596s 0%: 0.028+0.14+0.015 ms clock, 0.28+0.033/0.13/0+0.15 ms cpu, 64->64->32 MB, 65 MB goal, 0 MB stacks, 0 MB globals, 10 P
gc 643 @3.609s 0%: 0.049+0.29+0.016 ms clock, 0.49+0.010/0.15/0.004+0.16 ms cpu, 63->63->32 MB, 65 MB goal, 0 MB stacks, 0 MB globals, 10 P
gc 644 @3.622s 0%: 0.023+0.14+0.022 ms clock, 0.23+0.015/0.13/0.017+0.22 ms cpu, 63->63->32 MB, 65 MB goal, 0 MB stacks, 0 MB globals, 10 P
gc 645 @3.634s 0%: 0.029+0.17+0.015 ms clock, 0.29+0.035/0.12/0+0.15 ms cpu, 63->63->32 MB, 64 MB goal, 0 MB stacks, 0 MB globals, 10 P
gc 646 @3.647s 0%: 0.029+0.18+0.018 ms clock, 0.29+0.009/0.18/0.010+0.18 ms cpu, 63->63->32 MB, 64 MB goal, 0 MB stacks, 0 MB globals, 10 P
    8670	    125943 ns/op	  321920 B/op	   10001 allocs/op
gc 647 @3.649s 0%: 0.021+0.045+0.001 ms clock, 0.21+0/0.081/0.004+0.018 ms cpu, 45->45->42 MB, 65 MB goal, 0 MB stacks, 0 MB globals, 10 P (forced)
BenchmarkGC_Pressure/Arena-10     	gc 648 @3.649s 0%: 0.018+0.14+0.008 ms clock, 0.18+0/0.080/0+0.087 ms cpu, 42->42->42 MB, 84 MB goal, 0 MB stacks, 0 MB globals, 10 P (forced)
gc 649 @3.650s 0%: 0.017+0.068+0.017 ms clock, 0.17+0/0.091/0+0.17 ms cpu, 42->42->42 MB, 84 MB goal, 0 MB stacks, 0 MB globals, 10 P (forced)
gc 650 @3.714s 0%: 0.041+0.11+0.002 ms clock, 0.41+0/0.17/0.007+0.025 ms cpu, 42->42->42 MB, 84 MB goal, 0 MB stacks, 0 MB globals, 10 P (forced)
  189350	      6460 ns/op	       0 B/op	       0 allocs/op
PASS
ok  	mcompiler/arena	5.585s
